[    2382ms] [WARNING] createSpring() is deprecated use spring() instead @ https://stape.io/_next/static/chunks/03f82224c0e21a1e.js:8
[    2384ms] [WARNING] createSpring() is deprecated use spring() instead @ https://stape.io/_next/static/chunks/03f82224c0e21a1e.js:8
[    2386ms] [WARNING] createSpring() is deprecated use spring() instead @ https://stape.io/_next/static/chunks/03f82224c0e21a1e.js:8
[    2673ms] [ERROR] Failed to load resource: the server responded with a status of 500 () @ https://stape.io/contact-sales?_rsc=eqsiq:0
[   42501ms] [WARNING] [cap] the cap-widget element has already been defined, skipping re-defining it.
to prevent this, set window.CAP_DONT_SKIP_REDEFINE to true @ https://stape.io/_next/static/chunks/03f82224c0e21a1e.js:8
[   49969ms] [ERROR] Failed to load resource: the server responded with a status of 404 () @ https://api.app.eu.stape.io/api/v2/auth/sign-in-url:0
[   77635ms] [ERROR] Access to fetch at 'https://amp.stape.io/config/34fb6d43bed29ae9c8b7221ea1202a4b?config_group=browser' from origin 'https://app.stape.io' has been blocked by CORS policy: The 'Access-Control-Allow-Origin' header has a value 'https://stape.io' that is not equal to the supplied origin. Have the server send the header with a valid value. @ https://app.stape.io/dashboard?action=signIn&provider=google:0
[   77635ms] [ERROR] Failed to load resource: net::ERR_FAILED @ https://amp.stape.io/config/34fb6d43bed29ae9c8b7221ea1202a4b?config_group=browser:0
[   78146ms] [ERROR] Access to fetch at 'https://amp.stape.io/config/34fb6d43bed29ae9c8b7221ea1202a4b?config_group=browser' from origin 'https://app.stape.io' has been blocked by CORS policy: The 'Access-Control-Allow-Origin' header has a value 'https://stape.io' that is not equal to the supplied origin. Have the server send the header with a valid value. @ https://app.stape.io/dashboard:0
[   78146ms] [ERROR] Failed to load resource: net::ERR_FAILED @ https://amp.stape.io/config/34fb6d43bed29ae9c8b7221ea1202a4b?config_group=browser:0
[   78382ms] [ERROR] Access to fetch at 'https://amp.stape.io/config/34fb6d43bed29ae9c8b7221ea1202a4b?config_group=browser' from origin 'https://app.stape.io' has been blocked by CORS policy: The 'Access-Control-Allow-Origin' header has a value 'https://stape.io' that is not equal to the supplied origin. Have the server send the header with a valid value. @ https://app.stape.io/dashboard:0
[   78383ms] [ERROR] Failed to load resource: net::ERR_FAILED @ https://amp.stape.io/config/34fb6d43bed29ae9c8b7221ea1202a4b?config_group=browser:0
[   78595ms] [ERROR] Access to fetch at 'https://amp.stape.io/config/34fb6d43bed29ae9c8b7221ea1202a4b?config_group=browser' from origin 'https://app.stape.io' has been blocked by CORS policy: The 'Access-Control-Allow-Origin' header has a value 'https://stape.io' that is not equal to the supplied origin. Have the server send the header with a valid value. @ https://app.stape.io/dashboard:0
[   78595ms] [ERROR] Failed to load resource: net::ERR_FAILED @ https://amp.stape.io/config/34fb6d43bed29ae9c8b7221ea1202a4b?config_group=browser:0
[   78883ms] [ERROR] Access to fetch at 'https://amp.stape.io/config/34fb6d43bed29ae9c8b7221ea1202a4b?config_group=browser' from origin 'https://app.stape.io' has been blocked by CORS policy: The 'Access-Control-Allow-Origin' header has a value 'https://stape.io' that is not equal to the supplied origin. Have the server send the header with a valid value. @ https://app.stape.io/dashboard:0
[   78883ms] [ERROR] Failed to load resource: net::ERR_FAILED @ https://amp.stape.io/config/34fb6d43bed29ae9c8b7221ea1202a4b?config_group=browser:0
[   78975ms] [ERROR] Access to fetch at 'https://amp.stape.io/config/34fb6d43bed29ae9c8b7221ea1202a4b?config_group=browser' from origin 'https://app.stape.io' has been blocked by CORS policy: The 'Access-Control-Allow-Origin' header has a value 'https://stape.io' that is not equal to the supplied origin. Have the server send the header with a valid value. @ https://app.stape.io/dashboard:0
[   78975ms] [ERROR] Failed to load resource: net::ERR_FAILED @ https://amp.stape.io/config/34fb6d43bed29ae9c8b7221ea1202a4b?config_group=browser:0
[   78979ms] [ERROR] Access to fetch at 'https://amp.stape.io/config/34fb6d43bed29ae9c8b7221ea1202a4b?config_group=browser' from origin 'https://app.stape.io' has been blocked by CORS policy: The 'Access-Control-Allow-Origin' header has a value 'https://stape.io' that is not equal to the supplied origin. Have the server send the header with a valid value. @ https://app.stape.io/dashboard:0
[   78979ms] [ERROR] Failed to load resource: net::ERR_FAILED @ https://amp.stape.io/config/34fb6d43bed29ae9c8b7221ea1202a4b?config_group=browser:0
[   79170ms] [ERROR] Access to fetch at 'https://amp.stape.io/config/34fb6d43bed29ae9c8b7221ea1202a4b?config_group=browser' from origin 'https://app.stape.io' has been blocked by CORS policy: The 'Access-Control-Allow-Origin' header has a value 'https://stape.io' that is not equal to the supplied origin. Have the server send the header with a valid value. @ https://app.stape.io/dashboard:0
[   79170ms] [ERROR] Failed to load resource: net::ERR_FAILED @ https://amp.stape.io/config/34fb6d43bed29ae9c8b7221ea1202a4b?config_group=browser:0
[   79313ms] [ERROR] Access to fetch at 'https://amp.stape.io/config/34fb6d43bed29ae9c8b7221ea1202a4b?config_group=browser' from origin 'https://app.stape.io' has been blocked by CORS policy: The 'Access-Control-Allow-Origin' header has a value 'https://stape.io' that is not equal to the supplied origin. Have the server send the header with a valid value. @ https://app.stape.io/dashboard:0
[   79313ms] [ERROR] Failed to load resource: net::ERR_FAILED @ https://amp.stape.io/config/34fb6d43bed29ae9c8b7221ea1202a4b?config_group=browser:0
[   79314ms] [ERROR] Amplitude Logger [Error]: Failed to generate joined config:  Error: No remote config received @ https://app.stape.io/_next/static/chunks/cd4014bafa21337a.js:5
[   79330ms] [ERROR] Access to fetch at 'https://amp.stape.io/config/34fb6d43bed29ae9c8b7221ea1202a4b?config_group=browser' from origin 'https://app.stape.io' has been blocked by CORS policy: The 'Access-Control-Allow-Origin' header has a value 'https://stape.io' that is not equal to the supplied origin. Have the server send the header with a valid value. @ https://app.stape.io/dashboard:0
[   79330ms] [ERROR] Failed to load resource: net::ERR_FAILED @ https://amp.stape.io/config/34fb6d43bed29ae9c8b7221ea1202a4b?config_group=browser:0
[   79565ms] [ERROR] Access to fetch at 'https://amp.stape.io/config/34fb6d43bed29ae9c8b7221ea1202a4b?config_group=browser' from origin 'https://app.stape.io' has been blocked by CORS policy: The 'Access-Control-Allow-Origin' header has a value 'https://stape.io' that is not equal to the supplied origin. Have the server send the header with a valid value. @ https://app.stape.io/dashboard:0
[   79565ms] [ERROR] Failed to load resource: net::ERR_FAILED @ https://amp.stape.io/config/34fb6d43bed29ae9c8b7221ea1202a4b?config_group=browser:0
[   79827ms] [ERROR] Access to fetch at 'https://amp.stape.io/config/34fb6d43bed29ae9c8b7221ea1202a4b?config_group=browser' from origin 'https://app.stape.io' has been blocked by CORS policy: The 'Access-Control-Allow-Origin' header has a value 'https://stape.io' that is not equal to the supplied origin. Have the server send the header with a valid value. @ https://app.stape.io/dashboard:0
[   79827ms] [ERROR] Failed to load resource: net::ERR_FAILED @ https://amp.stape.io/config/34fb6d43bed29ae9c8b7221ea1202a4b?config_group=browser:0
[  180625ms] [ERROR] Attestation check for Attribution Reporting on https://www.google-analytics.com failed. @ https://app.stape.io/container/piuohbne/show:0
[  292906ms] [ERROR] Refused to display 'https://stape.io/' in a frame because it set 'X-Frame-Options' to 'sameorigin'. @ chrome-error://chromewebdata/:0
[  295988ms] [WARNING] The resource https://app.stape.io/_next/static/chunks/dd151e8a0cf0c4fe.css was preloaded using link preload in Early Hints but not used within a few seconds from the window's load event. @ https://app.stape.io/container/piuohbne/show:0
[  295988ms] [WARNING] The resource https://app.stape.io/_next/static/chunks/1ec14acc211be43a.css was preloaded using link preload in Early Hints but not used within a few seconds from the window's load event. @ https://app.stape.io/container/piuohbne/show:0
[  295988ms] [WARNING] The resource https://app.stape.io/_next/static/chunks/6eb4ba7c54832ca7.css was preloaded using link preload in Early Hints but not used within a few seconds from the window's load event. @ https://app.stape.io/container/piuohbne/show:0
[ 3689477ms] [ERROR] Failed to load resource: the server responded with a status of 401 () @ https://app.stape.io/api/v2/notifications:0
[ 7307999ms] [ERROR] Failed to load resource: the server responded with a status of 401 () @ https://app.stape.io/api/v2/notifications:0
[10926778ms] [ERROR] Failed to load resource: the server responded with a status of 401 () @ https://app.stape.io/api/v2/notifications:0
[14546700ms] [ERROR] Failed to load resource: the server responded with a status of 401 () @ https://app.stape.io/api/v2/notifications:0
[17489510ms] [ERROR] Refused to display 'https://stape.io/' in a frame because it set 'X-Frame-Options' to 'sameorigin'. @ chrome-error://chromewebdata/:0
[17490690ms] [WARNING] Failed to execute 'postMessage' on 'DOMWindow': The target origin provided ('https://stape.io') does not match the recipient window's origin ('null'). @ https://stape.io/sst/44qjmntsqkbot/2z87?42907e71=L2d0YWcvanM%2FaWQ9Ry02UVBKS0RNSzYwJmN4PWMmZ3RtPTRlNjNoMA%3D%3D:680
[17491502ms] [WARNING] Failed to execute 'postMessage' on 'DOMWindow': The target origin provided ('https://stape.io') does not match the recipient window's origin ('null'). @ https://stape.io/sst/44qjmntsqkbot/2z87?42907e71=L2d0YWcvanM%2FaWQ9Ry02UVBKS0RNSzYwJmN4PWMmZ3RtPTRlNjNoMA%3D%3D:680
[17492486ms] [WARNING] Failed to execute 'postMessage' on 'DOMWindow': The target origin provided ('https://stape.io') does not match the recipient window's origin ('null'). @ https://stape.io/sst/44qjmntsqkbot/2z87?42907e71=L2d0YWcvanM%2FaWQ9Ry02UVBKS0RNSzYwJmN4PWMmZ3RtPTRlNjNoMA%3D%3D:680
[17493434ms] [WARNING] Failed to execute 'postMessage' on 'DOMWindow': The target origin provided ('https://stape.io') does not match the recipient window's origin ('null'). @ https://stape.io/sst/44qjmntsqkbot/2z87?42907e71=L2d0YWcvanM%2FaWQ9Ry02UVBKS0RNSzYwJmN4PWMmZ3RtPTRlNjNoMA%3D%3D:680
[17493940ms] [WARNING] Failed to execute 'postMessage' on 'DOMWindow': The target origin provided ('https://stape.io') does not match the recipient window's origin ('null'). @ https://stape.io/sst/44qjmntsqkbot/2z87?42907e71=L2d0YWcvanM%2FaWQ9Ry02UVBKS0RNSzYwJmN4PWMmZ3RtPTRlNjNoMA%3D%3D:680
[17494445ms] [WARNING] Failed to execute 'postMessage' on 'DOMWindow': The target origin provided ('https://stape.io') does not match the recipient window's origin ('null'). @ https://stape.io/sst/44qjmntsqkbot/2z87?42907e71=L2d0YWcvanM%2FaWQ9Ry02UVBKS0RNSzYwJmN4PWMmZ3RtPTRlNjNoMA%3D%3D:680
[17494951ms] [WARNING] Failed to execute 'postMessage' on 'DOMWindow': The target origin provided ('https://stape.io') does not match the recipient window's origin ('null'). @ https://stape.io/sst/44qjmntsqkbot/2z87?42907e71=L2d0YWcvanM%2FaWQ9Ry02UVBKS0RNSzYwJmN4PWMmZ3RtPTRlNjNoMA%3D%3D:680
[17495458ms] [WARNING] Failed to execute 'postMessage' on 'DOMWindow': The target origin provided ('https://stape.io') does not match the recipient window's origin ('null'). @ https://stape.io/sst/44qjmntsqkbot/2z87?42907e71=L2d0YWcvanM%2FaWQ9Ry02UVBKS0RNSzYwJmN4PWMmZ3RtPTRlNjNoMA%3D%3D:680
[17495963ms] [WARNING] Failed to execute 'postMessage' on 'DOMWindow': The target origin provided ('https://stape.io') does not match the recipient window's origin ('null'). @ https://stape.io/sst/44qjmntsqkbot/2z87?42907e71=L2d0YWcvanM%2FaWQ9Ry02UVBKS0RNSzYwJmN4PWMmZ3RtPTRlNjNoMA%3D%3D:680
[17496469ms] [WARNING] Failed to execute 'postMessage' on 'DOMWindow': The target origin provided ('https://stape.io') does not match the recipient window's origin ('null'). @ https://stape.io/sst/44qjmntsqkbot/2z87?42907e71=L2d0YWcvanM%2FaWQ9Ry02UVBKS0RNSzYwJmN4PWMmZ3RtPTRlNjNoMA%3D%3D:680
[17496975ms] [WARNING] Failed to execute 'postMessage' on 'DOMWindow': The target origin provided ('https://stape.io') does not match the recipient window's origin ('null'). @ https://stape.io/sst/44qjmntsqkbot/2z87?42907e71=L2d0YWcvanM%2FaWQ9Ry02UVBKS0RNSzYwJmN4PWMmZ3RtPTRlNjNoMA%3D%3D:680
[17497480ms] [WARNING] Failed to execute 'postMessage' on 'DOMWindow': The target origin provided ('https://stape.io') does not match the recipient window's origin ('null'). @ https://stape.io/sst/44qjmntsqkbot/2z87?42907e71=L2d0YWcvanM%2FaWQ9Ry02UVBKS0RNSzYwJmN4PWMmZ3RtPTRlNjNoMA%3D%3D:680
[17497986ms] [WARNING] Failed to execute 'postMessage' on 'DOMWindow': The target origin provided ('https://stape.io') does not match the recipient window's origin ('null'). @ https://stape.io/sst/44qjmntsqkbot/2z87?42907e71=L2d0YWcvanM%2FaWQ9Ry02UVBKS0RNSzYwJmN4PWMmZ3RtPTRlNjNoMA%3D%3D:680
[17498491ms] [WARNING] Failed to execute 'postMessage' on 'DOMWindow': The target origin provided ('https://stape.io') does not match the recipient window's origin ('null'). @ https://stape.io/sst/44qjmntsqkbot/2z87?42907e71=L2d0YWcvanM%2FaWQ9Ry02UVBKS0RNSzYwJmN4PWMmZ3RtPTRlNjNoMA%3D%3D:680
[17498998ms] [WARNING] Failed to execute 'postMessage' on 'DOMWindow': The target origin provided ('https://stape.io') does not match the recipient window's origin ('null'). @ https://stape.io/sst/44qjmntsqkbot/2z87?42907e71=L2d0YWcvanM%2FaWQ9Ry02UVBKS0RNSzYwJmN4PWMmZ3RtPTRlNjNoMA%3D%3D:680
[17499506ms] [WARNING] Failed to execute 'postMessage' on 'DOMWindow': The target origin provided ('https://stape.io') does not match the recipient window's origin ('null'). @ https://stape.io/sst/44qjmntsqkbot/2z87?42907e71=L2d0YWcvanM%2FaWQ9Ry02UVBKS0RNSzYwJmN4PWMmZ3RtPTRlNjNoMA%3D%3D:680
[17500012ms] [WARNING] Failed to execute 'postMessage' on 'DOMWindow': The target origin provided ('https://stape.io') does not match the recipient window's origin ('null'). @ https://stape.io/sst/44qjmntsqkbot/2z87?42907e71=L2d0YWcvanM%2FaWQ9Ry02UVBKS0RNSzYwJmN4PWMmZ3RtPTRlNjNoMA%3D%3D:680
[17500517ms] [WARNING] Failed to execute 'postMessage' on 'DOMWindow': The target origin provided ('https://stape.io') does not match the recipient window's origin ('null'). @ https://stape.io/sst/44qjmntsqkbot/2z87?42907e71=L2d0YWcvanM%2FaWQ9Ry02UVBKS0RNSzYwJmN4PWMmZ3RtPTRlNjNoMA%3D%3D:680
[17501024ms] [WARNING] Failed to execute 'postMessage' on 'DOMWindow': The target origin provided ('https://stape.io') does not match the recipient window's origin ('null'). @ https://stape.io/sst/44qjmntsqkbot/2z87?42907e71=L2d0YWcvanM%2FaWQ9Ry02UVBKS0RNSzYwJmN4PWMmZ3RtPTRlNjNoMA%3D%3D:680
[17501530ms] [WARNING] Failed to execute 'postMessage' on 'DOMWindow': The target origin provided ('https://stape.io') does not match the recipient window's origin ('null'). @ https://stape.io/sst/44qjmntsqkbot/2z87?42907e71=L2d0YWcvanM%2FaWQ9Ry02UVBKS0RNSzYwJmN4PWMmZ3RtPTRlNjNoMA%3D%3D:680
[17600766ms] [ERROR] Failed to load resource: the server responded with a status of 409 () @ https://app.stape.io/api/v2/containers/piuohbne/surcharges?plan=proPlus&period=month:0
[17602748ms] [ERROR] Failed to load resource: the server responded with a status of 409 () @ https://app.stape.io/api/v2/containers/piuohbne/surcharges?plan=pro&period=month:0
