[   27735ms] [WARNING] using deprecated parameters for the initialization function; pass a single object instead @ https://cdn.shopify.com/shopifycloud/web/assets/v1/vite/client/en/assets/main-f133f3b4d581.js:1
[   28742ms] [WARNING] polaris:  JSHandle@node - accessibilityLabel is recommended when scroll-box is provided @ https://cdn.shopify.com/shopifycloud/web/assets/v1/vite/client/en/assets/main-f133f3b4d581.js:1
[   41671ms] [WARNING] Dux iframe sync: Blocked message from unauthorized origin: https://admin.shopify.com @ https://cdn.shopify.com/shopifycloud/online-store-web/assets/main/assets/main-1f8c2abb28f46ae22195a457550eba7413245485.1.js:5
[   43049ms] [WARNING] An error occurred! For more details, see the full error text at https://go.apollo.dev/c/err#%7B%22version%22%3A%223.12.11%22%2C%22message%22%3A15%2C%22args%22%3A%5B%22features%22%2C%22Shop%22%2C%22either%20ensure%20all%20objects%20of%20type%20ShopFeatures%20have%20an%20ID%20or%20a%20custom%20merge%20function%2C%20or%20%22%2C%22Shop.features%22%2C%22%7B%5Cn%20%20%5C%22__typename%5C%22%3A%20%5C%22ShopFeatures%5C%22%2C%5Cn%20%20%5C%22hasGlobalEClassicApp%5C%22%3A%20false%2C%5Cn%20%20%5C%22hasGlobalEApp%5C%22%3A%20false%2C%5Cn%20%20%5C%22giftCards%5C%22%3A%20true%2C%5Cn%20%20%5C%22productProtection%5C%22%3A%20false%2C%5Cn%20%20%5C%22checkoutLiquidConfigurationEligible%5C%22%3A%20false%2C%5Cn%20%20%5C%22blogContentGenerationEnabled%5C%22%3A%20true%2C%5Cn%20%20%5C%22pageContentGenerationEnabled%5C%22%3A%20true%2C%5Cn%20%20%5C%22customDataTaxonomyEnabled%5C%22%3A%20true%2C%5Cn%20%20%5C%22themePreviewEnabled%5C%22%3A%20true%2C%5Cn%20%20%5C%22wooMagicThemeImportEnabled%5C%22%3A%20false%2C%5Cn%20%20%5C%22wixMagicThemeImportEnabled%5C%22%3A%20false%2C%5Cn%20%20%5C%22wordpressMagicThemeImportEnabled%5C%22%3A%20false%2C%5Cn%20%20%5C%22magicThemeImportEnabled%5C%22%3A%20false%2C%5Cn%20%20%5C%22sidekickEnabled%5C%22%3A%20true%2C%5Cn%20%20%5C%22marketsHome%5C%22%3A%20true%5Cn%7D%22%2C%22%7B%5Cn%20%20%5C%22__typename%5C%22%3A%20%5C%22ShopFeatures%5C%22%2C%5Cn%20%20%5C%22b2bEnabled%5C%22%3A%20false%5Cn%7D%22%5D%7D @ https://cdn.shopify.com/shopifycloud/online-store-web/assets/main/assets/main-1f8c2abb28f46ae22195a457550eba7413245485.1.js:5
[   43049ms] [WARNING] An error occurred! For more details, see the full error text at https://go.apollo.dev/c/err#%7B%22version%22%3A%223.12.11%22%2C%22message%22%3A15%2C%22args%22%3A%5B%22plan%22%2C%22Shop%22%2C%22either%20ensure%20all%20objects%20of%20type%20ShopPlan%20have%20an%20ID%20or%20a%20custom%20merge%20function%2C%20or%20%22%2C%22Shop.plan%22%2C%22%7B%5Cn%20%20%5C%22__typename%5C%22%3A%20%5C%22ShopPlan%5C%22%2C%5Cn%20%20%5C%22name%5C%22%3A%20%5C%22professional%5C%22%2C%5Cn%20%20%5C%22shopifyPlus%5C%22%3A%20false%5Cn%7D%22%2C%22%7B%5Cn%20%20%5C%22__typename%5C%22%3A%20%5C%22ShopPlan%5C%22%2C%5Cn%20%20%5C%22name%5C%22%3A%20%5C%22professional%5C%22%2C%5Cn%20%20%5C%22trial%5C%22%3A%20false%5Cn%7D%22%5D%7D @ https://cdn.shopify.com/shopifycloud/online-store-web/assets/main/assets/main-1f8c2abb28f46ae22195a457550eba7413245485.1.js:5
[   44272ms] [ERROR] Suppressed error exporting logs: TypeError: Failed to fetch
    at https://cdn.shopify.com/shopifycloud/app-bridge.js:1:13449 @ https://cdn.shopify.com/shopifycloud/online-store-web/assets/main/assets/main-1f8c2abb28f46ae22195a457550eba7413245485.1.js:5
[   45355ms] [ERROR] Framing 'https://30e7d3.myshopify.com/' violates the following Content Security Policy directive: "frame-ancestors 'none'". The request has been blocked.
 @ :0
[   45592ms] [ERROR] Framing 'https://30e7d3.myshopify.com/' violates the following Content Security Policy directive: "frame-ancestors 'none'". The request has been blocked.
 @ :0
[  102434ms] [ERROR] Framing 'https://30e7d3.myshopify.com/' violates the following Content Security Policy directive: "frame-ancestors 'none'". The request has been blocked.
 @ :0
[  102659ms] [ERROR] Framing 'https://30e7d3.myshopify.com/' violates the following Content Security Policy directive: "frame-ancestors 'none'". The request has been blocked.
 @ :0
[  175872ms] [ERROR] Framing 'https://30e7d3.myshopify.com/' violates the following Content Security Policy directive: "frame-ancestors 'none'". The request has been blocked.
 @ :0
[  177014ms] [ERROR] Framing 'https://30e7d3.myshopify.com/' violates the following Content Security Policy directive: "frame-ancestors 'none'". The request has been blocked.
 @ :0
[  190667ms] [ERROR] Framing 'https://30e7d3.myshopify.com/' violates the following Content Security Policy directive: "frame-ancestors 'none'". The request has been blocked.
 @ :0
[  190810ms] [ERROR] Framing 'https://30e7d3.myshopify.com/' violates the following Content Security Policy directive: "frame-ancestors 'none'". The request has been blocked.
 @ :0
[  204057ms] [WARNING] An error occurred! For more details, see the full error text at https://go.apollo.dev/c/err#%7B%22version%22%3A%223.12.11%22%2C%22message%22%3A15%2C%22args%22%3A%5B%22presences%22%2C%22Query%22%2C%22%22%2C%22Query.presences%22%2C%22%7B%5Cn%20%20%5C%220%5C%22%3A%20%7B%5Cn%20%20%20%20%5C%22__typename%5C%22%3A%20%5C%22Presence%5C%22%2C%5Cn%20%20%20%20%5C%22user%5C%22%3A%2089038684412%2C%5Cn%20%20%20%20%5C%22dirty%5C%22%3A%20false%2C%5Cn%20%20%20%20%5C%22status%5C%22%3A%20%5C%22ONLINE%5C%22%2C%5Cn%20%20%20%20%5C%22url%5C%22%3A%20%5C%22%2Fstore%2Fshopcarbon1%2Fthemes%2F146033770748%5C%22%2C%5Cn%20%20%20%20%5C%22lastSeenAt%5C%22%3A%20%5C%222026-03-19T08%3A50%3A41.634416671Z%5C%22%5Cn%20%20%7D%2C%5Cn%20%20%5C%221%5C%22%3A%20%7B%5Cn%20%20%20%20%5C%22__typename%5C%22%3A%20%5C%22Presence%5C%22%2C%5Cn%20%20%20%20%5C%22user%5C%22%3A%2089038684412%2C%5Cn%20%20%20%20%5C%22dirty%5C%22%3A%20false%2C%5Cn%20%20%20%20%5C%22status%5C%22%3A%20%5C%22ONLINE%5C%22%2C%5Cn%20%20%20%20%5C%22url%5C%22%3A%20%5C%22%2Fstore%2Fshopcarbon1%2Fthemes%5C%22%2C%5Cn%20%20%20%20%5C%22lastSeenAt%5C%22%3A%20%5C%222026-03-19T08%3A48%3A35.594105255Z%5C%22%5Cn%20%20%7D%5Cn%7D%22%2C%22%7B%5Cn%20%20%5C%220%5C%22%3A%20%7B%5Cn%20%20%20%20%5C%22__typename%5C%22%3A%20%5C%22Presence%5C%22%2C%5Cn%20%20%20%20%5C%22user%5C%22%3A%2089038684412%2C%5Cn%20%20%20%20%5C%22dirty%5C%22%3A%20false%2C%5Cn%20%20%20%20%5C%22status%5C%22%3A%20%5C%22ONLINE%5C%22%2C%5Cn%20%20%20%20%5C%22url%5C%22%3A%20%5C%22%2Fstore%2Fshopcarbon1%2Fthemes%5C%22%2C%5Cn%20%20%20%20%5C%22lastSeenAt%5C%22%3A%20%5C%222026-03-19T08%3A48%3A35.594105255Z%5C%22%5Cn%20%20%7D%5Cn%7D%22%5D%7D @ https://cdn.shopify.com/shopifycloud/online-store-web/assets/main/assets/main-1f8c2abb28f46ae22195a457550eba7413245485.1.js:5
