[   14013ms] [ERROR] Failed to load resource: the server responded with a status of 500 (Internal Server Error) @ http://localhost:3000/shopify-collection-mapping?_rsc=8hpyd:0
[   76180ms] [WARNING] The resource http://localhost:3000/_next/static/css/app/layout.css?v=1773795123972 was preloaded using link preload but not used within a few seconds from the window's load event. Please make sure it has an appropriate `as` value and it is preloaded intentionally. @ http://localhost:3000/shopify-collection-mapping:0
[   76181ms] [WARNING] The resource http://localhost:3000/_next/static/css/app/layout.css?v=1773795111690 was preloaded using link preload but not used within a few seconds from the window's load event. Please make sure it has an appropriate `as` value and it is preloaded intentionally. @ http://localhost:3000/shopify-collection-mapping:0
[   76181ms] [WARNING] The resource http://localhost:3000/_next/static/css/app/layout.css?v=1773795122095 was preloaded using link preload but not used within a few seconds from the window's load event. Please make sure it has an appropriate `as` value and it is preloaded intentionally. @ http://localhost:3000/shopify-collection-mapping:0
[   76181ms] [WARNING] The resource http://localhost:3000/_next/static/css/app/layout.css?v=1773795130031 was preloaded using link preload but not used within a few seconds from the window's load event. Please make sure it has an appropriate `as` value and it is preloaded intentionally. @ http://localhost:3000/shopify-collection-mapping:0
[   76181ms] [WARNING] The resource http://localhost:3000/_next/static/css/app/layout.css?v=1773795130170 was preloaded using link preload but not used within a few seconds from the window's load event. Please make sure it has an appropriate `as` value and it is preloaded intentionally. @ http://localhost:3000/shopify-collection-mapping:0
[   76181ms] [WARNING] The resource http://localhost:3000/_next/static/css/app/layout.css?v=1773795125595 was preloaded using link preload but not used within a few seconds from the window's load event. Please make sure it has an appropriate `as` value and it is preloaded intentionally. @ http://localhost:3000/shopify-collection-mapping:0
[   76181ms] [WARNING] The resource http://localhost:3000/_next/static/css/app/layout.css?v=1773795135979 was preloaded using link preload but not used within a few seconds from the window's load event. Please make sure it has an appropriate `as` value and it is preloaded intentionally. @ http://localhost:3000/shopify-collection-mapping:0
[   76181ms] [WARNING] The resource http://localhost:3000/_next/static/css/app/layout.css?v=1773795127245 was preloaded using link preload but not used within a few seconds from the window's load event. Please make sure it has an appropriate `as` value and it is preloaded intentionally. @ http://localhost:3000/shopify-collection-mapping:0
[   76181ms] [WARNING] The resource http://localhost:3000/_next/static/css/app/layout.css?v=1773795129640 was preloaded using link preload but not used within a few seconds from the window's load event. Please make sure it has an appropriate `as` value and it is preloaded intentionally. @ http://localhost:3000/shopify-collection-mapping:0
[   76181ms] [WARNING] The resource http://localhost:3000/_next/static/css/app/layout.css?v=1773795128659 was preloaded using link preload but not used within a few seconds from the window's load event. Please make sure it has an appropriate `as` value and it is preloaded intentionally. @ http://localhost:3000/shopify-collection-mapping:0
[   76181ms] [WARNING] The resource http://localhost:3000/_next/static/css/app/layout.css?v=1773795119073 was preloaded using link preload but not used within a few seconds from the window's load event. Please make sure it has an appropriate `as` value and it is preloaded intentionally. @ http://localhost:3000/shopify-collection-mapping:0
[   80339ms] [WARNING] The resource http://localhost:3000/_next/static/css/app/layout.css?v=1773795123972 was preloaded using link preload but not used within a few seconds from the window's load event. Please make sure it has an appropriate `as` value and it is preloaded intentionally. @ http://localhost:3000/shopify-collection-mapping:0
[   80339ms] [WARNING] The resource http://localhost:3000/_next/static/css/app/layout.css?v=1773795111690 was preloaded using link preload but not used within a few seconds from the window's load event. Please make sure it has an appropriate `as` value and it is preloaded intentionally. @ http://localhost:3000/shopify-collection-mapping:0
[   80339ms] [WARNING] The resource http://localhost:3000/_next/static/css/app/layout.css?v=1773795122095 was preloaded using link preload but not used within a few seconds from the window's load event. Please make sure it has an appropriate `as` value and it is preloaded intentionally. @ http://localhost:3000/shopify-collection-mapping:0
[   80339ms] [WARNING] The resource http://localhost:3000/_next/static/css/app/layout.css?v=1773795130031 was preloaded using link preload but not used within a few seconds from the window's load event. Please make sure it has an appropriate `as` value and it is preloaded intentionally. @ http://localhost:3000/shopify-collection-mapping:0
[   80339ms] [WARNING] The resource http://localhost:3000/_next/static/css/app/layout.css?v=1773795130170 was preloaded using link preload but not used within a few seconds from the window's load event. Please make sure it has an appropriate `as` value and it is preloaded intentionally. @ http://localhost:3000/shopify-collection-mapping:0
[   80339ms] [WARNING] The resource http://localhost:3000/_next/static/css/app/layout.css?v=1773795125595 was preloaded using link preload but not used within a few seconds from the window's load event. Please make sure it has an appropriate `as` value and it is preloaded intentionally. @ http://localhost:3000/shopify-collection-mapping:0
[   80339ms] [WARNING] The resource http://localhost:3000/_next/static/css/app/layout.css?v=1773795135979 was preloaded using link preload but not used within a few seconds from the window's load event. Please make sure it has an appropriate `as` value and it is preloaded intentionally. @ http://localhost:3000/shopify-collection-mapping:0
[   80339ms] [WARNING] The resource http://localhost:3000/_next/static/css/app/layout.css?v=1773795127245 was preloaded using link preload but not used within a few seconds from the window's load event. Please make sure it has an appropriate `as` value and it is preloaded intentionally. @ http://localhost:3000/shopify-collection-mapping:0
[   80339ms] [WARNING] The resource http://localhost:3000/_next/static/css/app/layout.css?v=1773795129640 was preloaded using link preload but not used within a few seconds from the window's load event. Please make sure it has an appropriate `as` value and it is preloaded intentionally. @ http://localhost:3000/shopify-collection-mapping:0
[   80339ms] [WARNING] The resource http://localhost:3000/_next/static/css/app/layout.css?v=1773795128659 was preloaded using link preload but not used within a few seconds from the window's load event. Please make sure it has an appropriate `as` value and it is preloaded intentionally. @ http://localhost:3000/shopify-collection-mapping:0
[   80339ms] [WARNING] The resource http://localhost:3000/_next/static/css/app/layout.css?v=1773795119073 was preloaded using link preload but not used within a few seconds from the window's load event. Please make sure it has an appropriate `as` value and it is preloaded intentionally. @ http://localhost:3000/shopify-collection-mapping:0
[   85534ms] [WARNING] The resource http://localhost:3000/_next/static/css/app/layout.css?v=1773795123972 was preloaded using link preload but not used within a few seconds from the window's load event. Please make sure it has an appropriate `as` value and it is preloaded intentionally. @ http://localhost:3000/shopify-collection-mapping:0
[   85534ms] [WARNING] The resource http://localhost:3000/_next/static/css/app/layout.css?v=1773795150347 was preloaded using link preload but not used within a few seconds from the window's load event. Please make sure it has an appropriate `as` value and it is preloaded intentionally. @ http://localhost:3000/shopify-collection-mapping:0
[   85534ms] [WARNING] The resource http://localhost:3000/_next/static/css/app/layout.css?v=1773795111690 was preloaded using link preload but not used within a few seconds from the window's load event. Please make sure it has an appropriate `as` value and it is preloaded intentionally. @ http://localhost:3000/shopify-collection-mapping:0
[   85534ms] [WARNING] The resource http://localhost:3000/_next/static/css/app/layout.css?v=1773795122095 was preloaded using link preload but not used within a few seconds from the window's load event. Please make sure it has an appropriate `as` value and it is preloaded intentionally. @ http://localhost:3000/shopify-collection-mapping:0
[   85534ms] [WARNING] The resource http://localhost:3000/_next/static/css/app/layout.css?v=1773795130031 was preloaded using link preload but not used within a few seconds from the window's load event. Please make sure it has an appropriate `as` value and it is preloaded intentionally. @ http://localhost:3000/shopify-collection-mapping:0
[   85534ms] [WARNING] The resource http://localhost:3000/_next/static/css/app/layout.css?v=1773795130170 was preloaded using link preload but not used within a few seconds from the window's load event. Please make sure it has an appropriate `as` value and it is preloaded intentionally. @ http://localhost:3000/shopify-collection-mapping:0
[   85534ms] [WARNING] The resource http://localhost:3000/_next/static/css/app/layout.css?v=1773795125595 was preloaded using link preload but not used within a few seconds from the window's load event. Please make sure it has an appropriate `as` value and it is preloaded intentionally. @ http://localhost:3000/shopify-collection-mapping:0
[   85534ms] [WARNING] The resource http://localhost:3000/_next/static/css/app/layout.css?v=1773795135979 was preloaded using link preload but not used within a few seconds from the window's load event. Please make sure it has an appropriate `as` value and it is preloaded intentionally. @ http://localhost:3000/shopify-collection-mapping:0
[   85534ms] [WARNING] The resource http://localhost:3000/_next/static/css/app/layout.css?v=1773795127245 was preloaded using link preload but not used within a few seconds from the window's load event. Please make sure it has an appropriate `as` value and it is preloaded intentionally. @ http://localhost:3000/shopify-collection-mapping:0
[   85534ms] [WARNING] The resource http://localhost:3000/_next/static/css/app/layout.css?v=1773795129640 was preloaded using link preload but not used within a few seconds from the window's load event. Please make sure it has an appropriate `as` value and it is preloaded intentionally. @ http://localhost:3000/shopify-collection-mapping:0
[   85534ms] [WARNING] The resource http://localhost:3000/_next/static/css/app/layout.css?v=1773795128659 was preloaded using link preload but not used within a few seconds from the window's load event. Please make sure it has an appropriate `as` value and it is preloaded intentionally. @ http://localhost:3000/shopify-collection-mapping:0
[   85534ms] [WARNING] The resource http://localhost:3000/_next/static/css/app/layout.css?v=1773795119073 was preloaded using link preload but not used within a few seconds from the window's load event. Please make sure it has an appropriate `as` value and it is preloaded intentionally. @ http://localhost:3000/shopify-collection-mapping:0
[   92472ms] [ERROR] Failed to load resource: the server responded with a status of 500 (Internal Server Error) @ http://localhost:3000/shopify-collection-mapping?_rsc=8hpyd:0
[   95780ms] [WARNING] The resource http://localhost:3000/_next/static/css/app/layout.css?v=1773795123972 was preloaded using link preload but not used within a few seconds from the window's load event. Please make sure it has an appropriate `as` value and it is preloaded intentionally. @ http://localhost:3000/shopify-collection-mapping:0
[   95780ms] [WARNING] The resource http://localhost:3000/_next/static/css/app/layout.css?v=1773795150347 was preloaded using link preload but not used within a few seconds from the window's load event. Please make sure it has an appropriate `as` value and it is preloaded intentionally. @ http://localhost:3000/shopify-collection-mapping:0
[   95780ms] [WARNING] The resource http://localhost:3000/_next/static/css/app/layout.css?v=1773795111690 was preloaded using link preload but not used within a few seconds from the window's load event. Please make sure it has an appropriate `as` value and it is preloaded intentionally. @ http://localhost:3000/shopify-collection-mapping:0
[   95780ms] [WARNING] The resource http://localhost:3000/_next/static/css/app/layout.css?v=1773795122095 was preloaded using link preload but not used within a few seconds from the window's load event. Please make sure it has an appropriate `as` value and it is preloaded intentionally. @ http://localhost:3000/shopify-collection-mapping:0
[   95780ms] [WARNING] The resource http://localhost:3000/_next/static/css/app/layout.css?v=1773795130031 was preloaded using link preload but not used within a few seconds from the window's load event. Please make sure it has an appropriate `as` value and it is preloaded intentionally. @ http://localhost:3000/shopify-collection-mapping:0
[   95781ms] [WARNING] The resource http://localhost:3000/_next/static/css/app/layout.css?v=1773795130170 was preloaded using link preload but not used within a few seconds from the window's load event. Please make sure it has an appropriate `as` value and it is preloaded intentionally. @ http://localhost:3000/shopify-collection-mapping:0
[   95781ms] [WARNING] The resource http://localhost:3000/_next/static/css/app/layout.css?v=1773795125595 was preloaded using link preload but not used within a few seconds from the window's load event. Please make sure it has an appropriate `as` value and it is preloaded intentionally. @ http://localhost:3000/shopify-collection-mapping:0
[   95781ms] [WARNING] The resource http://localhost:3000/_next/static/css/app/layout.css?v=1773795135979 was preloaded using link preload but not used within a few seconds from the window's load event. Please make sure it has an appropriate `as` value and it is preloaded intentionally. @ http://localhost:3000/shopify-collection-mapping:0
[   95781ms] [WARNING] The resource http://localhost:3000/_next/static/css/app/layout.css?v=1773795127245 was preloaded using link preload but not used within a few seconds from the window's load event. Please make sure it has an appropriate `as` value and it is preloaded intentionally. @ http://localhost:3000/shopify-collection-mapping:0
[   95781ms] [WARNING] The resource http://localhost:3000/_next/static/css/app/layout.css?v=1773795129640 was preloaded using link preload but not used within a few seconds from the window's load event. Please make sure it has an appropriate `as` value and it is preloaded intentionally. @ http://localhost:3000/shopify-collection-mapping:0
[   95781ms] [WARNING] The resource http://localhost:3000/_next/static/css/app/layout.css?v=1773795128659 was preloaded using link preload but not used within a few seconds from the window's load event. Please make sure it has an appropriate `as` value and it is preloaded intentionally. @ http://localhost:3000/shopify-collection-mapping:0
[   95781ms] [WARNING] The resource http://localhost:3000/_next/static/css/app/layout.css?v=1773795119073 was preloaded using link preload but not used within a few seconds from the window's load event. Please make sure it has an appropriate `as` value and it is preloaded intentionally. @ http://localhost:3000/shopify-collection-mapping:0
[   98856ms] [ERROR] Failed to load resource: the server responded with a status of 500 (Internal Server Error) @ http://localhost:3000/shopify-collection-mapping:0
[  103867ms] SyntaxError: Unexpected end of JSON input
    at JSON.parse (<anonymous>)
    at loadManifest (file://D:\Projects\My project\carbon-gen\node_modules\next\dist\server\load-manifest.external.js:43:25)
    at loadManifestFromRelativePath (file://D:\Projects\My project\carbon-gen\node_modules\next\dist\server\load-manifest.external.js:84:16)
    at AppPageRouteModule.loadManifests (file://D:\Projects\My project\carbon-gen\node_modules\next\dist\compiled\next-server\app-page.runtime.dev.js:43:32416)
    at AppPageRouteModule.prepare (file://D:\Projects\My project\carbon-gen\node_modules\next\dist\compiled\next-server\app-page.runtime.dev.js:43:42076)
    at async Module.handler (webpack-internal:///(rsc)/./node_modules/next/dist/build/webpack/loaders/next-app-loader/index.js?name=app%2Fshopify-collection-mapping%2Fpage&page=%2Fshopify-collection-mapping%2Fpage&appPaths=%2Fshopify-collection-mapping%2Fpage&pagePath=private-next-app-dir%2Fshopify-collection-mapping%2Fpage.tsx&appDir=D%3A%5CProjects%5CMy%20project%5Ccarbon-gen%5Capp&pageExtensions=tsx&pageExtensions=ts&pageExtensions=jsx&pageExtensions=js&rootDir=D%3A%5CProjects%5CMy%20project%5Ccarbon-gen&isDev=true&tsconfigPath=&basePath=&assetPrefix=&nextConfigOutput=standalone&preferredRegion=&middlewareConfig=e30%3D&isGlobalNotFoundEnabled=!:187:27)
    at async DevServer.renderToResponseWithComponentsImpl (file://D:\Projects\My project\carbon-gen\node_modules\next\dist\server\base-server.js:1442:9)
    at async DevServer.renderPageComponent (file://D:\Projects\My project\carbon-gen\node_modules\next\dist\server\base-server.js:1494:24)
    at async DevServer.renderToResponseImpl (file://D:\Projects\My project\carbon-gen\node_modules\next\dist\server\base-server.js:1544:32)
    at async DevServer.pipeImpl (file://D:\Projects\My project\carbon-gen\node_modules\next\dist\server\base-server.js:1038:25)
    at async NextNodeServer.handleCatchallRenderRequest (file://D:\Projects\My project\carbon-gen\node_modules\next\dist\server\next-server.js:395:17)
    at async DevServer.handleRequestImpl (file://D:\Projects\My project\carbon-gen\node_modules\next\dist\server\base-server.js:929:17)
    at async (file://D:\Projects\My project\carbon-gen\node_modules\next\dist\server\dev\next-dev-server.js:387:20)
    at async Span.traceAsyncFn (file://D:\Projects\My project\carbon-gen\node_modules\next\dist\trace\trace.js:157:20)
    at async DevServer.handleRequest (file://D:\Projects\My project\carbon-gen\node_modules\next\dist\server\dev\next-dev-server.js:383:24)
    at async invokeRender (file://D:\Projects\My project\carbon-gen\node_modules\next\dist\server\lib\router-server.js:248:21)
    at async handleRequest (file://D:\Projects\My project\carbon-gen\node_modules\next\dist\server\lib\router-server.js:447:24)
    at async requestHandlerImpl (file://D:\Projects\My project\carbon-gen\node_modules\next\dist\server\lib\router-server.js:496:13)
    at async Server.requestListener (file://D:\Projects\My project\carbon-gen\node_modules\next\dist\server\lib\start-server.js:226:13)
[  106242ms] [WARNING] [Fast Refresh] performing full reload because your application had an unrecoverable error @ webpack-internal:///(pages-dir-browser)/./node_modules/next/dist/next-devtools/shared/forward-logs-shared.js:27
[  333401ms] [WARNING] The resource http://localhost:3000/_next/static/css/app/layout.css?v=1773795398173 was preloaded using link preload but not used within a few seconds from the window's load event. Please make sure it has an appropriate `as` value and it is preloaded intentionally. @ http://localhost:3000/shopify-collection-mapping:0
[  337776ms] [WARNING] The resource http://localhost:3000/_next/static/css/app/layout.css?v=1773795398173 was preloaded using link preload but not used within a few seconds from the window's load event. Please make sure it has an appropriate `as` value and it is preloaded intentionally. @ http://localhost:3000/shopify-collection-mapping:0
[  343111ms] [WARNING] The resource http://localhost:3000/_next/static/css/app/layout.css?v=1773795408201 was preloaded using link preload but not used within a few seconds from the window's load event. Please make sure it has an appropriate `as` value and it is preloaded intentionally. @ http://localhost:3000/shopify-collection-mapping:0
[  343111ms] [WARNING] The resource http://localhost:3000/_next/static/css/app/layout.css?v=1773795398173 was preloaded using link preload but not used within a few seconds from the window's load event. Please make sure it has an appropriate `as` value and it is preloaded intentionally. @ http://localhost:3000/shopify-collection-mapping:0
[  346178ms] [ERROR] Failed to load resource: the server responded with a status of 500 (Internal Server Error) @ http://localhost:3000/shopify-collection-mapping?_rsc=8hpyd:0
[  599415ms] [ERROR] Failed to load resource: the server responded with a status of 500 (Internal Server Error) @ http://localhost:3000/shopify-collection-mapping?_rsc=8hpyd:0
[  609353ms] [ERROR] Can't perform a React state update on a component that hasn't mounted yet. This indicates that you have a side-effect in your render function that asynchronously tries to update the component. Move this work to useEffect instead. @ webpack-internal:///(app-pages-browser)/./node_modules/next/dist/next-devtools/userspace/app/errors/intercept-console-error.js:51
[  622283ms] [WARNING] The resource http://localhost:3000/_next/static/css/app/layout.css?v=1773795686962 was preloaded using link preload but not used within a few seconds from the window's load event. Please make sure it has an appropriate `as` value and it is preloaded intentionally. @ http://localhost:3000/shopify-collection-mapping:0
[  622284ms] [WARNING] The resource http://localhost:3000/_next/static/css/app/layout.css?v=1773795684995 was preloaded using link preload but not used within a few seconds from the window's load event. Please make sure it has an appropriate `as` value and it is preloaded intentionally. @ http://localhost:3000/shopify-collection-mapping:0
[  622284ms] [WARNING] The resource http://localhost:3000/_next/static/css/app/layout.css?v=1773795680140 was preloaded using link preload but not used within a few seconds from the window's load event. Please make sure it has an appropriate `as` value and it is preloaded intentionally. @ http://localhost:3000/shopify-collection-mapping:0
[  622284ms] [WARNING] The resource http://localhost:3000/_next/static/css/app/layout.css?v=1773795686059 was preloaded using link preload but not used within a few seconds from the window's load event. Please make sure it has an appropriate `as` value and it is preloaded intentionally. @ http://localhost:3000/shopify-collection-mapping:0
[  622284ms] [WARNING] The resource http://localhost:3000/_next/static/css/app/layout.css?v=1773795683515 was preloaded using link preload but not used within a few seconds from the window's load event. Please make sure it has an appropriate `as` value and it is preloaded intentionally. @ http://localhost:3000/shopify-collection-mapping:0
[  622284ms] [WARNING] The resource http://localhost:3000/_next/static/css/app/layout.css?v=1773795681771 was preloaded using link preload but not used within a few seconds from the window's load event. Please make sure it has an appropriate `as` value and it is preloaded intentionally. @ http://localhost:3000/shopify-collection-mapping:0
[  628312ms] [WARNING] The resource http://localhost:3000/_piny/piny.phone.js was preloaded using link preload but not used within a few seconds from the window's load event. Please make sure it has an appropriate `as` value and it is preloaded intentionally. @ http://localhost:3000/shopify-collection-mapping:0
