[    1238ms] Error: Minified React error #418; visit https://reactjs.org/docs/error-decoder.html?invariant=418 for the full message or use the non-minified dev environment for full errors and additional helpful warnings.
    at sa (https://www.cloudflare.com/framework-957a522640f43541ca6a.js:2:49253)
    at Ei (https://www.cloudflare.com/framework-957a522640f43541ca6a.js:2:122299)
    at ks (https://www.cloudflare.com/framework-957a522640f43541ca6a.js:2:109773)
    at ys (https://www.cloudflare.com/framework-957a522640f43541ca6a.js:2:109701)
    at gs (https://www.cloudflare.com/framework-957a522640f43541ca6a.js:2:109564)
    at as (https://www.cloudflare.com/framework-957a522640f43541ca6a.js:2:104696)
    at S (https://www.cloudflare.com/framework-957a522640f43541ca6a.js:2:138831)
    at MessagePort.T (https://www.cloudflare.com/framework-957a522640f43541ca6a.js:2:139363)
[    1238ms] Error: Minified React error #418; visit https://reactjs.org/docs/error-decoder.html?invariant=418 for the full message or use the non-minified dev environment for full errors and additional helpful warnings.
    at sa (https://www.cloudflare.com/framework-957a522640f43541ca6a.js:2:49253)
    at Ei (https://www.cloudflare.com/framework-957a522640f43541ca6a.js:2:122299)
    at ks (https://www.cloudflare.com/framework-957a522640f43541ca6a.js:2:109773)
    at ys (https://www.cloudflare.com/framework-957a522640f43541ca6a.js:2:109701)
    at gs (https://www.cloudflare.com/framework-957a522640f43541ca6a.js:2:109564)
    at as (https://www.cloudflare.com/framework-957a522640f43541ca6a.js:2:104696)
    at S (https://www.cloudflare.com/framework-957a522640f43541ca6a.js:2:138831)
    at MessagePort.T (https://www.cloudflare.com/framework-957a522640f43541ca6a.js:2:139363)
[    1239ms] Error: Minified React error #418; visit https://reactjs.org/docs/error-decoder.html?invariant=418 for the full message or use the non-minified dev environment for full errors and additional helpful warnings.
    at sa (https://www.cloudflare.com/framework-957a522640f43541ca6a.js:2:49253)
    at Ei (https://www.cloudflare.com/framework-957a522640f43541ca6a.js:2:122299)
    at ks (https://www.cloudflare.com/framework-957a522640f43541ca6a.js:2:109773)
    at ys (https://www.cloudflare.com/framework-957a522640f43541ca6a.js:2:109701)
    at gs (https://www.cloudflare.com/framework-957a522640f43541ca6a.js:2:109564)
    at as (https://www.cloudflare.com/framework-957a522640f43541ca6a.js:2:104696)
    at S (https://www.cloudflare.com/framework-957a522640f43541ca6a.js:2:138831)
    at MessagePort.T (https://www.cloudflare.com/framework-957a522640f43541ca6a.js:2:139363)
[    1239ms] Error: Minified React error #418; visit https://reactjs.org/docs/error-decoder.html?invariant=418 for the full message or use the non-minified dev environment for full errors and additional helpful warnings.
    at sa (https://www.cloudflare.com/framework-957a522640f43541ca6a.js:2:49253)
    at Ei (https://www.cloudflare.com/framework-957a522640f43541ca6a.js:2:122299)
    at ks (https://www.cloudflare.com/framework-957a522640f43541ca6a.js:2:109773)
    at ys (https://www.cloudflare.com/framework-957a522640f43541ca6a.js:2:109701)
    at gs (https://www.cloudflare.com/framework-957a522640f43541ca6a.js:2:109564)
    at as (https://www.cloudflare.com/framework-957a522640f43541ca6a.js:2:104696)
    at S (https://www.cloudflare.com/framework-957a522640f43541ca6a.js:2:138831)
    at MessagePort.T (https://www.cloudflare.com/framework-957a522640f43541ca6a.js:2:139363)
[    1240ms] Error: Minified React error #418; visit https://reactjs.org/docs/error-decoder.html?invariant=418 for the full message or use the non-minified dev environment for full errors and additional helpful warnings.
    at sa (https://www.cloudflare.com/framework-957a522640f43541ca6a.js:2:49253)
    at Ei (https://www.cloudflare.com/framework-957a522640f43541ca6a.js:2:122299)
    at ks (https://www.cloudflare.com/framework-957a522640f43541ca6a.js:2:109773)
    at ys (https://www.cloudflare.com/framework-957a522640f43541ca6a.js:2:109701)
    at gs (https://www.cloudflare.com/framework-957a522640f43541ca6a.js:2:109564)
    at as (https://www.cloudflare.com/framework-957a522640f43541ca6a.js:2:104696)
    at S (https://www.cloudflare.com/framework-957a522640f43541ca6a.js:2:138831)
    at MessagePort.T (https://www.cloudflare.com/framework-957a522640f43541ca6a.js:2:139363)
[    1240ms] Error: Minified React error #418; visit https://reactjs.org/docs/error-decoder.html?invariant=418 for the full message or use the non-minified dev environment for full errors and additional helpful warnings.
    at sa (https://www.cloudflare.com/framework-957a522640f43541ca6a.js:2:49253)
    at Ei (https://www.cloudflare.com/framework-957a522640f43541ca6a.js:2:122299)
    at ks (https://www.cloudflare.com/framework-957a522640f43541ca6a.js:2:109773)
    at ys (https://www.cloudflare.com/framework-957a522640f43541ca6a.js:2:109701)
    at gs (https://www.cloudflare.com/framework-957a522640f43541ca6a.js:2:109564)
    at as (https://www.cloudflare.com/framework-957a522640f43541ca6a.js:2:104696)
    at S (https://www.cloudflare.com/framework-957a522640f43541ca6a.js:2:138831)
    at MessagePort.T (https://www.cloudflare.com/framework-957a522640f43541ca6a.js:2:139363)
[    1241ms] Error: Minified React error #418; visit https://reactjs.org/docs/error-decoder.html?invariant=418 for the full message or use the non-minified dev environment for full errors and additional helpful warnings.
    at sa (https://www.cloudflare.com/framework-957a522640f43541ca6a.js:2:49253)
    at Ei (https://www.cloudflare.com/framework-957a522640f43541ca6a.js:2:122299)
    at ks (https://www.cloudflare.com/framework-957a522640f43541ca6a.js:2:109773)
    at ys (https://www.cloudflare.com/framework-957a522640f43541ca6a.js:2:109701)
    at gs (https://www.cloudflare.com/framework-957a522640f43541ca6a.js:2:109564)
    at as (https://www.cloudflare.com/framework-957a522640f43541ca6a.js:2:104696)
    at S (https://www.cloudflare.com/framework-957a522640f43541ca6a.js:2:138831)
    at MessagePort.T (https://www.cloudflare.com/framework-957a522640f43541ca6a.js:2:139363)
[    1241ms] Error: Minified React error #423; visit https://reactjs.org/docs/error-decoder.html?invariant=423 for the full message or use the non-minified dev environment for full errors and additional helpful warnings.
    at Ei (https://www.cloudflare.com/framework-957a522640f43541ca6a.js:2:121985)
    at ks (https://www.cloudflare.com/framework-957a522640f43541ca6a.js:2:109773)
    at ys (https://www.cloudflare.com/framework-957a522640f43541ca6a.js:2:109701)
    at gs (https://www.cloudflare.com/framework-957a522640f43541ca6a.js:2:109564)
    at os (https://www.cloudflare.com/framework-957a522640f43541ca6a.js:2:106371)
    at as (https://www.cloudflare.com/framework-957a522640f43541ca6a.js:2:104923)
    at S (https://www.cloudflare.com/framework-957a522640f43541ca6a.js:2:138831)
    at MessagePort.T (https://www.cloudflare.com/framework-957a522640f43541ca6a.js:2:139363)
