[    1945ms] [ERROR] Failed to load resource: net::ERR_CERT_AUTHORITY_INVALID @ https://sc.shopcarbon.com/g/collect?v=2&tid=G-Server&gtm=45je63h0z89208967142za20gzb9208967142zd9208967142&_p=1773909562633&gcs=G111&gcd=13t3t3t3t5l1&npa=0&dma=0&cid=478399019.1773702921&ecid=241147806&ul=en-us&sr=1920x1080&_fplc=0&ur=US-FL&uaa=x86&uab=64&uafvl=Chromium%3B146.0.7680.81%7CNot-A.Brand%3B24.0.0.0%7CGoogle%2520Chrome%3B146.0.7680.81&uamb=0&uam=&uap=Windows&uapv=19.0.0&uaw=0&are=1&frm=0&pscdl=noapi&ec_mode=c&_eu=AAAAAAQ&sst.rnd=4932968.1773909564&sst.tft=1773909562633&sst.lpc=114581573&sst.navt=n&sst.ude=0&sst.sw_exp=1&_s=1&tag_exp=103116026~103200004~115616985~115938465~115938469~116024733~117384406~117484252~118104773&sid=1773909531&sct=4&seg=1&dl=https%3A%2F%2Fshopcarbon.com%2Fcollections%2Fmen&dt=Shop%20Men%E2%80%99s%20Fashion%20Clothing%20at%20Carbon%20%7C%20Trendy%20Styles&_tu=BA&en=page_view&ep.event_id=1773909988781_17739096665012&ep.cookie_consent_ad_storage=granted&ep.analytics_storage=granted&ep.functionality_storage=granted&ep.personalization_storage=granted&ep.security_storage=granted&ep.ad_user_data=granted&ep.ad_personalization=granted&ep.x-fb-ck-fbp=fb.1.1773763722302.65375174983127565&ep.tiktok_ttp=01KKY8WYWW5983DGYE95FD8PVJ_.tt.0&ep.uuid_c1=nCYOn2KrghrBxt1xWLo-joE7yhNnx45l&ep.user_data._tag_mode=CODE&tfd=1799&richsstsse:0
[    1976ms] [ERROR] Failed to load resource: net::ERR_CERT_AUTHORITY_INVALID @ https://sc.shopcarbon.com/4piuohbne.js?5cu2of=DApfLzs4RCctODI5OSYqVhNTUEZeUw0eWB0KBx8WCAIHAQxGDBoE:0
[    1993ms] [WARNING] Failed to execute 'postMessage' on 'DOMWindow': The target origin provided ('https://sc.shopcarbon.com') does not match the recipient window's origin ('null'). @ https://www.googletagmanager.com/gtag/js?id=G-Server&cx=c&gtm=4e63h0:546
[    2352ms] [WARNING] Widget initialization error: no account/code provided. Default code will be used @ https://cdn.userway.org/widgetapp/2026-03-17-15-07-37/widget_app_base_1773760057621.js:4
[    2569ms] [WARNING] Failed to execute 'postMessage' on 'DOMWindow': The target origin provided ('https://sc.shopcarbon.com') does not match the recipient window's origin ('null'). @ https://www.googletagmanager.com/gtag/js?id=G-Server&cx=c&gtm=4e63h0:546
[    3266ms] [WARNING] Failed to execute 'postMessage' on 'DOMWindow': The target origin provided ('https://sc.shopcarbon.com') does not match the recipient window's origin ('null'). @ https://www.googletagmanager.com/gtag/js?id=G-Server&cx=c&gtm=4e63h0:546
[    3747ms] [WARNING] Failed to execute 'postMessage' on 'DOMWindow': The target origin provided ('https://sc.shopcarbon.com') does not match the recipient window's origin ('null'). @ https://www.googletagmanager.com/gtag/js?id=G-Server&cx=c&gtm=4e63h0:546
[    4252ms] [WARNING] Failed to execute 'postMessage' on 'DOMWindow': The target origin provided ('https://sc.shopcarbon.com') does not match the recipient window's origin ('null'). @ https://www.googletagmanager.com/gtag/js?id=G-Server&cx=c&gtm=4e63h0:546
[    4765ms] [WARNING] Failed to execute 'postMessage' on 'DOMWindow': The target origin provided ('https://sc.shopcarbon.com') does not match the recipient window's origin ('null'). @ https://www.googletagmanager.com/gtag/js?id=G-Server&cx=c&gtm=4e63h0:546
[    5278ms] [WARNING] Failed to execute 'postMessage' on 'DOMWindow': The target origin provided ('https://sc.shopcarbon.com') does not match the recipient window's origin ('null'). @ https://www.googletagmanager.com/gtag/js?id=G-Server&cx=c&gtm=4e63h0:546
[    5911ms] [WARNING] Failed to execute 'postMessage' on 'DOMWindow': The target origin provided ('https://sc.shopcarbon.com') does not match the recipient window's origin ('null'). @ https://www.googletagmanager.com/gtag/js?id=G-Server&cx=c&gtm=4e63h0:546
[    6416ms] [WARNING] Failed to execute 'postMessage' on 'DOMWindow': The target origin provided ('https://sc.shopcarbon.com') does not match the recipient window's origin ('null'). @ https://www.googletagmanager.com/gtag/js?id=G-Server&cx=c&gtm=4e63h0:546
[    7018ms] [WARNING] Failed to execute 'postMessage' on 'DOMWindow': The target origin provided ('https://sc.shopcarbon.com') does not match the recipient window's origin ('null'). @ https://www.googletagmanager.com/gtag/js?id=G-Server&cx=c&gtm=4e63h0:546
[    7525ms] [WARNING] Failed to execute 'postMessage' on 'DOMWindow': The target origin provided ('https://sc.shopcarbon.com') does not match the recipient window's origin ('null'). @ https://www.googletagmanager.com/gtag/js?id=G-Server&cx=c&gtm=4e63h0:546
[    8133ms] [WARNING] Failed to execute 'postMessage' on 'DOMWindow': The target origin provided ('https://sc.shopcarbon.com') does not match the recipient window's origin ('null'). @ https://www.googletagmanager.com/gtag/js?id=G-Server&cx=c&gtm=4e63h0:546
[    8641ms] [WARNING] Failed to execute 'postMessage' on 'DOMWindow': The target origin provided ('https://sc.shopcarbon.com') does not match the recipient window's origin ('null'). @ https://www.googletagmanager.com/gtag/js?id=G-Server&cx=c&gtm=4e63h0:546
[    9258ms] [WARNING] Failed to execute 'postMessage' on 'DOMWindow': The target origin provided ('https://sc.shopcarbon.com') does not match the recipient window's origin ('null'). @ https://www.googletagmanager.com/gtag/js?id=G-Server&cx=c&gtm=4e63h0:546
[    9765ms] [WARNING] Failed to execute 'postMessage' on 'DOMWindow': The target origin provided ('https://sc.shopcarbon.com') does not match the recipient window's origin ('null'). @ https://www.googletagmanager.com/gtag/js?id=G-Server&cx=c&gtm=4e63h0:546
[   10394ms] [WARNING] Failed to execute 'postMessage' on 'DOMWindow': The target origin provided ('https://sc.shopcarbon.com') does not match the recipient window's origin ('null'). @ https://www.googletagmanager.com/gtag/js?id=G-Server&cx=c&gtm=4e63h0:546
[   10900ms] [WARNING] Failed to execute 'postMessage' on 'DOMWindow': The target origin provided ('https://sc.shopcarbon.com') does not match the recipient window's origin ('null'). @ https://www.googletagmanager.com/gtag/js?id=G-Server&cx=c&gtm=4e63h0:546
[   11360ms] [WARNING] The resource https://shopcarbon.com/cdn/shop/collections/promo-1.jpg?v=1756211526&width=3622 was preloaded using link preload but not used within a few seconds from the window's load event. Please make sure it has an appropriate `as` value and it is preloaded intentionally. @ https://shopcarbon.com/collections/men:0
[   11517ms] [WARNING] Failed to execute 'postMessage' on 'DOMWindow': The target origin provided ('https://sc.shopcarbon.com') does not match the recipient window's origin ('null'). @ https://www.googletagmanager.com/gtag/js?id=G-Server&cx=c&gtm=4e63h0:546
[   12024ms] [WARNING] Failed to execute 'postMessage' on 'DOMWindow': The target origin provided ('https://sc.shopcarbon.com') does not match the recipient window's origin ('null'). @ https://www.googletagmanager.com/gtag/js?id=G-Server&cx=c&gtm=4e63h0:546
[   12668ms] [WARNING] Failed to execute 'postMessage' on 'DOMWindow': The target origin provided ('https://sc.shopcarbon.com') does not match the recipient window's origin ('null'). @ https://www.googletagmanager.com/gtag/js?id=G-Server&cx=c&gtm=4e63h0:546
[   13165ms] [WARNING] Failed to execute 'postMessage' on 'DOMWindow': The target origin provided ('https://sc.shopcarbon.com') does not match the recipient window's origin ('null'). @ https://www.googletagmanager.com/gtag/js?id=G-Server&cx=c&gtm=4e63h0:546
