[   34114ms] [WARNING] The resource http://localhost:3000/_next/static/css/app/layout.css?v=1773795129956 was preloaded using link preload but not used within a few seconds from the window's load event. Please make sure it has an appropriate `as` value and it is preloaded intentionally. @ http://localhost:3000/shopify-collection-mapping:0
[   34114ms] [WARNING] The resource http://localhost:3000/_next/static/css/app/layout.css?v=1773795128198 was preloaded using link preload but not used within a few seconds from the window's load event. Please make sure it has an appropriate `as` value and it is preloaded intentionally. @ http://localhost:3000/shopify-collection-mapping:0
[   34114ms] [WARNING] The resource http://localhost:3000/_next/static/css/app/layout.css?v=1773795126411 was preloaded using link preload but not used within a few seconds from the window's load event. Please make sure it has an appropriate `as` value and it is preloaded intentionally. @ http://localhost:3000/shopify-collection-mapping:0
[   34114ms] [WARNING] The resource http://localhost:3000/_next/static/css/app/layout.css?v=1773795112230 was preloaded using link preload but not used within a few seconds from the window's load event. Please make sure it has an appropriate `as` value and it is preloaded intentionally. @ http://localhost:3000/shopify-collection-mapping:0
[   34114ms] [WARNING] The resource http://localhost:3000/_next/static/css/app/layout.css?v=1773795124689 was preloaded using link preload but not used within a few seconds from the window's load event. Please make sure it has an appropriate `as` value and it is preloaded intentionally. @ http://localhost:3000/shopify-collection-mapping:0
[   34114ms] [WARNING] The resource http://localhost:3000/_next/static/css/app/layout.css?v=1773795129813 was preloaded using link preload but not used within a few seconds from the window's load event. Please make sure it has an appropriate `as` value and it is preloaded intentionally. @ http://localhost:3000/shopify-collection-mapping:0
[   34114ms] [WARNING] The resource http://localhost:3000/_next/static/css/app/layout.css?v=1773795120778 was preloaded using link preload but not used within a few seconds from the window's load event. Please make sure it has an appropriate `as` value and it is preloaded intentionally. @ http://localhost:3000/shopify-collection-mapping:0
[   34114ms] [WARNING] The resource http://localhost:3000/_next/static/css/app/layout.css?v=1773795129249 was preloaded using link preload but not used within a few seconds from the window's load event. Please make sure it has an appropriate `as` value and it is preloaded intentionally. @ http://localhost:3000/shopify-collection-mapping:0
[   34114ms] [WARNING] The resource http://localhost:3000/_next/static/css/app/layout.css?v=1773795130417 was preloaded using link preload but not used within a few seconds from the window's load event. Please make sure it has an appropriate `as` value and it is preloaded intentionally. @ http://localhost:3000/shopify-collection-mapping:0
[   34114ms] [WARNING] The resource http://localhost:3000/_next/static/css/app/layout.css?v=1773795123156 was preloaded using link preload but not used within a few seconds from the window's load event. Please make sure it has an appropriate `as` value and it is preloaded intentionally. @ http://localhost:3000/shopify-collection-mapping:0
[   49740ms] [WARNING] The resource http://localhost:3000/_next/static/css/app/layout.css?v=1773795129956 was preloaded using link preload but not used within a few seconds from the window's load event. Please make sure it has an appropriate `as` value and it is preloaded intentionally. @ http://localhost:3000/shopify-collection-mapping:0
[   49740ms] [WARNING] The resource http://localhost:3000/_next/static/css/app/layout.css?v=1773795128198 was preloaded using link preload but not used within a few seconds from the window's load event. Please make sure it has an appropriate `as` value and it is preloaded intentionally. @ http://localhost:3000/shopify-collection-mapping:0
[   49740ms] [WARNING] The resource http://localhost:3000/_next/static/css/app/layout.css?v=1773795136370 was preloaded using link preload but not used within a few seconds from the window's load event. Please make sure it has an appropriate `as` value and it is preloaded intentionally. @ http://localhost:3000/shopify-collection-mapping:0
[   49740ms] [WARNING] The resource http://localhost:3000/_next/static/css/app/layout.css?v=1773795126411 was preloaded using link preload but not used within a few seconds from the window's load event. Please make sure it has an appropriate `as` value and it is preloaded intentionally. @ http://localhost:3000/shopify-collection-mapping:0
[   49740ms] [WARNING] The resource http://localhost:3000/_next/static/css/app/layout.css?v=1773795112230 was preloaded using link preload but not used within a few seconds from the window's load event. Please make sure it has an appropriate `as` value and it is preloaded intentionally. @ http://localhost:3000/shopify-collection-mapping:0
[   49740ms] [WARNING] The resource http://localhost:3000/_next/static/css/app/layout.css?v=1773795124689 was preloaded using link preload but not used within a few seconds from the window's load event. Please make sure it has an appropriate `as` value and it is preloaded intentionally. @ http://localhost:3000/shopify-collection-mapping:0
[   49740ms] [WARNING] The resource http://localhost:3000/_next/static/css/app/layout.css?v=1773795129813 was preloaded using link preload but not used within a few seconds from the window's load event. Please make sure it has an appropriate `as` value and it is preloaded intentionally. @ http://localhost:3000/shopify-collection-mapping:0
[   49740ms] [WARNING] The resource http://localhost:3000/_next/static/css/app/layout.css?v=1773795120778 was preloaded using link preload but not used within a few seconds from the window's load event. Please make sure it has an appropriate `as` value and it is preloaded intentionally. @ http://localhost:3000/shopify-collection-mapping:0
[   49740ms] [WARNING] The resource http://localhost:3000/_next/static/css/app/layout.css?v=1773795129249 was preloaded using link preload but not used within a few seconds from the window's load event. Please make sure it has an appropriate `as` value and it is preloaded intentionally. @ http://localhost:3000/shopify-collection-mapping:0
[   49741ms] [WARNING] The resource http://localhost:3000/_next/static/css/app/layout.css?v=1773795130417 was preloaded using link preload but not used within a few seconds from the window's load event. Please make sure it has an appropriate `as` value and it is preloaded intentionally. @ http://localhost:3000/shopify-collection-mapping:0
[   49741ms] [WARNING] The resource http://localhost:3000/_next/static/css/app/layout.css?v=1773795123156 was preloaded using link preload but not used within a few seconds from the window's load event. Please make sure it has an appropriate `as` value and it is preloaded intentionally. @ http://localhost:3000/shopify-collection-mapping:0
[   54980ms] [WARNING] The resource http://localhost:3000/_next/static/css/app/layout.css?v=1773795129956 was preloaded using link preload but not used within a few seconds from the window's load event. Please make sure it has an appropriate `as` value and it is preloaded intentionally. @ http://localhost:3000/shopify-collection-mapping:0
[   54980ms] [WARNING] The resource http://localhost:3000/_next/static/css/app/layout.css?v=1773795128198 was preloaded using link preload but not used within a few seconds from the window's load event. Please make sure it has an appropriate `as` value and it is preloaded intentionally. @ http://localhost:3000/shopify-collection-mapping:0
[   54980ms] [WARNING] The resource http://localhost:3000/_next/static/css/app/layout.css?v=1773795136370 was preloaded using link preload but not used within a few seconds from the window's load event. Please make sure it has an appropriate `as` value and it is preloaded intentionally. @ http://localhost:3000/shopify-collection-mapping:0
[   54980ms] [WARNING] The resource http://localhost:3000/_next/static/css/app/layout.css?v=1773795126411 was preloaded using link preload but not used within a few seconds from the window's load event. Please make sure it has an appropriate `as` value and it is preloaded intentionally. @ http://localhost:3000/shopify-collection-mapping:0
[   54980ms] [WARNING] The resource http://localhost:3000/_next/static/css/app/layout.css?v=1773795112230 was preloaded using link preload but not used within a few seconds from the window's load event. Please make sure it has an appropriate `as` value and it is preloaded intentionally. @ http://localhost:3000/shopify-collection-mapping:0
[   54980ms] [WARNING] The resource http://localhost:3000/_next/static/css/app/layout.css?v=1773795129249 was preloaded using link preload but not used within a few seconds from the window's load event. Please make sure it has an appropriate `as` value and it is preloaded intentionally. @ http://localhost:3000/shopify-collection-mapping:0
[   54980ms] [WARNING] The resource http://localhost:3000/_next/static/css/app/layout.css?v=1773795130417 was preloaded using link preload but not used within a few seconds from the window's load event. Please make sure it has an appropriate `as` value and it is preloaded intentionally. @ http://localhost:3000/shopify-collection-mapping:0
[   54980ms] [WARNING] The resource http://localhost:3000/_next/static/css/app/layout.css?v=1773795150839 was preloaded using link preload but not used within a few seconds from the window's load event. Please make sure it has an appropriate `as` value and it is preloaded intentionally. @ http://localhost:3000/shopify-collection-mapping:0
[   54980ms] [WARNING] The resource http://localhost:3000/_next/static/css/app/layout.css?v=1773795123156 was preloaded using link preload but not used within a few seconds from the window's load event. Please make sure it has an appropriate `as` value and it is preloaded intentionally. @ http://localhost:3000/shopify-collection-mapping:0
[   54980ms] [WARNING] The resource http://localhost:3000/_next/static/css/app/layout.css?v=1773795124689 was preloaded using link preload but not used within a few seconds from the window's load event. Please make sure it has an appropriate `as` value and it is preloaded intentionally. @ http://localhost:3000/shopify-collection-mapping:0
[   54980ms] [WARNING] The resource http://localhost:3000/_next/static/css/app/layout.css?v=1773795129813 was preloaded using link preload but not used within a few seconds from the window's load event. Please make sure it has an appropriate `as` value and it is preloaded intentionally. @ http://localhost:3000/shopify-collection-mapping:0
[   54980ms] [WARNING] The resource http://localhost:3000/_next/static/css/app/layout.css?v=1773795120778 was preloaded using link preload but not used within a few seconds from the window's load event. Please make sure it has an appropriate `as` value and it is preloaded intentionally. @ http://localhost:3000/shopify-collection-mapping:0
[   58926ms] [WARNING] The resource http://localhost:3000/_next/static/css/app/layout.css?v=1773795129956 was preloaded using link preload but not used within a few seconds from the window's load event. Please make sure it has an appropriate `as` value and it is preloaded intentionally. @ http://localhost:3000/shopify-collection-mapping:0
[   58926ms] [WARNING] The resource http://localhost:3000/_next/static/css/app/layout.css?v=1773795128198 was preloaded using link preload but not used within a few seconds from the window's load event. Please make sure it has an appropriate `as` value and it is preloaded intentionally. @ http://localhost:3000/shopify-collection-mapping:0
[   58926ms] [WARNING] The resource http://localhost:3000/_next/static/css/app/layout.css?v=1773795136370 was preloaded using link preload but not used within a few seconds from the window's load event. Please make sure it has an appropriate `as` value and it is preloaded intentionally. @ http://localhost:3000/shopify-collection-mapping:0
[   58927ms] [WARNING] The resource http://localhost:3000/_next/static/css/app/layout.css?v=1773795126411 was preloaded using link preload but not used within a few seconds from the window's load event. Please make sure it has an appropriate `as` value and it is preloaded intentionally. @ http://localhost:3000/shopify-collection-mapping:0
[   58927ms] [WARNING] The resource http://localhost:3000/_next/static/css/app/layout.css?v=1773795112230 was preloaded using link preload but not used within a few seconds from the window's load event. Please make sure it has an appropriate `as` value and it is preloaded intentionally. @ http://localhost:3000/shopify-collection-mapping:0
[   58927ms] [WARNING] The resource http://localhost:3000/_next/static/css/app/layout.css?v=1773795129249 was preloaded using link preload but not used within a few seconds from the window's load event. Please make sure it has an appropriate `as` value and it is preloaded intentionally. @ http://localhost:3000/shopify-collection-mapping:0
[   58927ms] [WARNING] The resource http://localhost:3000/_next/static/css/app/layout.css?v=1773795130417 was preloaded using link preload but not used within a few seconds from the window's load event. Please make sure it has an appropriate `as` value and it is preloaded intentionally. @ http://localhost:3000/shopify-collection-mapping:0
[   58928ms] [WARNING] The resource http://localhost:3000/_next/static/css/app/layout.css?v=1773795150839 was preloaded using link preload but not used within a few seconds from the window's load event. Please make sure it has an appropriate `as` value and it is preloaded intentionally. @ http://localhost:3000/shopify-collection-mapping:0
[   59019ms] [WARNING] The resource http://localhost:3000/_next/static/css/app/layout.css?v=1773795123156 was preloaded using link preload but not used within a few seconds from the window's load event. Please make sure it has an appropriate `as` value and it is preloaded intentionally. @ http://localhost:3000/shopify-collection-mapping:0
[   59019ms] [WARNING] The resource http://localhost:3000/_next/static/css/app/layout.css?v=1773795124689 was preloaded using link preload but not used within a few seconds from the window's load event. Please make sure it has an appropriate `as` value and it is preloaded intentionally. @ http://localhost:3000/shopify-collection-mapping:0
[   59025ms] [WARNING] The resource http://localhost:3000/_next/static/css/app/layout.css?v=1773795129813 was preloaded using link preload but not used within a few seconds from the window's load event. Please make sure it has an appropriate `as` value and it is preloaded intentionally. @ http://localhost:3000/shopify-collection-mapping:0
[   59025ms] [WARNING] The resource http://localhost:3000/_next/static/css/app/layout.css?v=1773795120778 was preloaded using link preload but not used within a few seconds from the window's load event. Please make sure it has an appropriate `as` value and it is preloaded intentionally. @ http://localhost:3000/shopify-collection-mapping:0
[   65234ms] [WARNING] The resource http://localhost:3000/_next/static/css/app/layout.css?v=1773795129956 was preloaded using link preload but not used within a few seconds from the window's load event. Please make sure it has an appropriate `as` value and it is preloaded intentionally. @ http://localhost:3000/shopify-collection-mapping:0
[   65234ms] [WARNING] The resource http://localhost:3000/_next/static/css/app/layout.css?v=1773795128198 was preloaded using link preload but not used within a few seconds from the window's load event. Please make sure it has an appropriate `as` value and it is preloaded intentionally. @ http://localhost:3000/shopify-collection-mapping:0
[   65234ms] [WARNING] The resource http://localhost:3000/_next/static/css/app/layout.css?v=1773795136370 was preloaded using link preload but not used within a few seconds from the window's load event. Please make sure it has an appropriate `as` value and it is preloaded intentionally. @ http://localhost:3000/shopify-collection-mapping:0
[   65235ms] [WARNING] The resource http://localhost:3000/_next/static/css/app/layout.css?v=1773795126411 was preloaded using link preload but not used within a few seconds from the window's load event. Please make sure it has an appropriate `as` value and it is preloaded intentionally. @ http://localhost:3000/shopify-collection-mapping:0
[   65235ms] [WARNING] The resource http://localhost:3000/_next/static/css/app/layout.css?v=1773795112230 was preloaded using link preload but not used within a few seconds from the window's load event. Please make sure it has an appropriate `as` value and it is preloaded intentionally. @ http://localhost:3000/shopify-collection-mapping:0
[   65235ms] [WARNING] The resource http://localhost:3000/_next/static/css/app/layout.css?v=1773795129249 was preloaded using link preload but not used within a few seconds from the window's load event. Please make sure it has an appropriate `as` value and it is preloaded intentionally. @ http://localhost:3000/shopify-collection-mapping:0
[   65235ms] [WARNING] The resource http://localhost:3000/_next/static/css/app/layout.css?v=1773795130417 was preloaded using link preload but not used within a few seconds from the window's load event. Please make sure it has an appropriate `as` value and it is preloaded intentionally. @ http://localhost:3000/shopify-collection-mapping:0
[   65235ms] [WARNING] The resource http://localhost:3000/_next/static/css/app/layout.css?v=1773795150839 was preloaded using link preload but not used within a few seconds from the window's load event. Please make sure it has an appropriate `as` value and it is preloaded intentionally. @ http://localhost:3000/shopify-collection-mapping:0
[   65235ms] [WARNING] The resource http://localhost:3000/_next/static/css/app/layout.css?v=1773795123156 was preloaded using link preload but not used within a few seconds from the window's load event. Please make sure it has an appropriate `as` value and it is preloaded intentionally. @ http://localhost:3000/shopify-collection-mapping:0
[   65235ms] [WARNING] The resource http://localhost:3000/_next/static/css/app/layout.css?v=1773795124689 was preloaded using link preload but not used within a few seconds from the window's load event. Please make sure it has an appropriate `as` value and it is preloaded intentionally. @ http://localhost:3000/shopify-collection-mapping:0
[   65235ms] [WARNING] The resource http://localhost:3000/_next/static/css/app/layout.css?v=1773795129813 was preloaded using link preload but not used within a few seconds from the window's load event. Please make sure it has an appropriate `as` value and it is preloaded intentionally. @ http://localhost:3000/shopify-collection-mapping:0
[   65235ms] [WARNING] The resource http://localhost:3000/_next/static/css/app/layout.css?v=1773795120778 was preloaded using link preload but not used within a few seconds from the window's load event. Please make sure it has an appropriate `as` value and it is preloaded intentionally. @ http://localhost:3000/shopify-collection-mapping:0
[   68189ms] [ERROR] Failed to load resource: the server responded with a status of 500 (Internal Server Error) @ http://localhost:3000/shopify-collection-mapping?_rsc=8hpyd:0
[  307231ms] [WARNING] The resource http://localhost:3000/_next/static/css/app/layout.css?v=1773795398566 was preloaded using link preload but not used within a few seconds from the window's load event. Please make sure it has an appropriate `as` value and it is preloaded intentionally. @ http://localhost:3000/shopify-collection-mapping:0
[  312334ms] [WARNING] The resource http://localhost:3000/_next/static/css/app/layout.css?v=1773795408450 was preloaded using link preload but not used within a few seconds from the window's load event. Please make sure it has an appropriate `as` value and it is preloaded intentionally. @ http://localhost:3000/shopify-collection-mapping:0
[  312334ms] [WARNING] The resource http://localhost:3000/_next/static/css/app/layout.css?v=1773795398566 was preloaded using link preload but not used within a few seconds from the window's load event. Please make sure it has an appropriate `as` value and it is preloaded intentionally. @ http://localhost:3000/shopify-collection-mapping:0
[  573533ms] [ERROR] Failed to load resource: the server responded with a status of 500 (Internal Server Error) @ http://localhost:3000/shopify-collection-mapping?_rsc=8hpyd:0
[  575766ms] [ERROR] Failed to load resource: the server responded with a status of 500 (Internal Server Error) @ http://localhost:3000/shopify-collection-mapping?_rsc=8hpyd:0
[  575775ms] [WARNING] [Fast Refresh] performing full reload

Fast Refresh will perform a full reload when you edit a file that's imported by modules outside of the React rendering tree.
You might have a file which exports a React component but also exports a value that is imported by a non-React component file.
Consider migrating the non-React component export to a separate file and importing it into both files.

It is also possible the parent component of the component you edited is a class component, which disables Fast Refresh.
Fast Refresh requires at least one parent function component in your React tree. @ webpack-internal:///(app-pages-browser)/./node_modules/next/dist/next-devtools/shared/forward-logs-shared.js:27
[  575786ms] [ERROR] Failed to load resource: the server responded with a status of 500 (Internal Server Error) @ http://localhost:3000/shopify-collection-mapping:0
[  578023ms] SyntaxError: Unexpected end of JSON input
    at JSON.parse (<anonymous>)
    at loadManifest (file://D:\Projects\My project\carbon-gen\node_modules\next\dist\server\load-manifest.external.js:43:25)
    at loadManifestFromRelativePath (file://D:\Projects\My project\carbon-gen\node_modules\next\dist\server\load-manifest.external.js:84:16)
    at AppPageRouteModule.loadManifests (file://D:\Projects\My project\carbon-gen\node_modules\next\dist\compiled\next-server\app-page.runtime.dev.js:43:32416)
    at AppPageRouteModule.prepare (file://D:\Projects\My project\carbon-gen\node_modules\next\dist\compiled\next-server\app-page.runtime.dev.js:43:42076)
    at async Module.handler (webpack-internal:///(rsc)/./node_modules/next/dist/build/webpack/loaders/next-app-loader/index.js?name=app%2Fshopify-collection-mapping%2Fpage&page=%2Fshopify-collection-mapping%2Fpage&appPaths=%2Fshopify-collection-mapping%2Fpage&pagePath=private-next-app-dir%2Fshopify-collection-mapping%2Fpage.tsx&appDir=D%3A%5CProjects%5CMy%20project%5Ccarbon-gen%5Capp&pageExtensions=tsx&pageExtensions=ts&pageExtensions=jsx&pageExtensions=js&rootDir=D%3A%5CProjects%5CMy%20project%5Ccarbon-gen&isDev=true&tsconfigPath=&basePath=&assetPrefix=&nextConfigOutput=standalone&preferredRegion=&middlewareConfig=e30%3D&isGlobalNotFoundEnabled=!:187:27)
    at async DevServer.renderToResponseWithComponentsImpl (file://D:\Projects\My project\carbon-gen\node_modules\next\dist\server\base-server.js:1442:9)
    at async DevServer.renderPageComponent (file://D:\Projects\My project\carbon-gen\node_modules\next\dist\server\base-server.js:1494:24)
    at async DevServer.renderToResponseImpl (file://D:\Projects\My project\carbon-gen\node_modules\next\dist\server\base-server.js:1544:32)
    at async DevServer.pipeImpl (file://D:\Projects\My project\carbon-gen\node_modules\next\dist\server\base-server.js:1038:25)
    at async NextNodeServer.handleCatchallRenderRequest (file://D:\Projects\My project\carbon-gen\node_modules\next\dist\server\next-server.js:395:17)
    at async DevServer.handleRequestImpl (file://D:\Projects\My project\carbon-gen\node_modules\next\dist\server\base-server.js:929:17)
    at async (file://D:\Projects\My project\carbon-gen\node_modules\next\dist\server\dev\next-dev-server.js:387:20)
    at async Span.traceAsyncFn (file://D:\Projects\My project\carbon-gen\node_modules\next\dist\trace\trace.js:157:20)
    at async DevServer.handleRequest (file://D:\Projects\My project\carbon-gen\node_modules\next\dist\server\dev\next-dev-server.js:383:24)
    at async invokeRender (file://D:\Projects\My project\carbon-gen\node_modules\next\dist\server\lib\router-server.js:248:21)
    at async handleRequest (file://D:\Projects\My project\carbon-gen\node_modules\next\dist\server\lib\router-server.js:447:24)
    at async requestHandlerImpl (file://D:\Projects\My project\carbon-gen\node_modules\next\dist\server\lib\router-server.js:496:13)
    at async Server.requestListener (file://D:\Projects\My project\carbon-gen\node_modules\next\dist\server\lib\start-server.js:226:13)
[  579085ms] [WARNING] [Fast Refresh] performing full reload because your application had an unrecoverable error @ webpack-internal:///(pages-dir-browser)/./node_modules/next/dist/next-devtools/shared/forward-logs-shared.js:27
[  581377ms] [WARNING] [Fast Refresh] performing full reload because your application had an unrecoverable error @ webpack-internal:///(pages-dir-browser)/./node_modules/next/dist/next-devtools/shared/forward-logs-shared.js:27
[  582785ms] [WARNING] [Fast Refresh] performing full reload because your application had an unrecoverable error @ webpack-internal:///(pages-dir-browser)/./node_modules/next/dist/next-devtools/shared/forward-logs-shared.js:27
[  584395ms] [WARNING] [Fast Refresh] performing full reload because your application had an unrecoverable error @ webpack-internal:///(pages-dir-browser)/./node_modules/next/dist/next-devtools/shared/forward-logs-shared.js:27
[  585565ms] [WARNING] [Fast Refresh] performing full reload because your application had an unrecoverable error @ webpack-internal:///(pages-dir-browser)/./node_modules/next/dist/next-devtools/shared/forward-logs-shared.js:27
[  597271ms] [WARNING] The resource http://localhost:3000/_next/static/css/app/layout.css?v=1773795693671 was preloaded using link preload but not used within a few seconds from the window's load event. Please make sure it has an appropriate `as` value and it is preloaded intentionally. @ http://localhost:3000/shopify-collection-mapping:0
[  601404ms] [WARNING] The resource http://localhost:3000/_next/static/css/app/layout.css?v=1773795693671 was preloaded using link preload but not used within a few seconds from the window's load event. Please make sure it has an appropriate `as` value and it is preloaded intentionally. @ http://localhost:3000/shopify-collection-mapping:0
[  606320ms] [WARNING] The resource http://localhost:3000/_next/static/css/app/layout.css?v=1773795693671 was preloaded using link preload but not used within a few seconds from the window's load event. Please make sure it has an appropriate `as` value and it is preloaded intentionally. @ http://localhost:3000/shopify-collection-mapping:0
[  610729ms] [WARNING] The resource http://localhost:3000/_next/static/css/app/layout.css?v=1773795693671 was preloaded using link preload but not used within a few seconds from the window's load event. Please make sure it has an appropriate `as` value and it is preloaded intentionally. @ http://localhost:3000/shopify-collection-mapping:0
[  614671ms] [WARNING] The resource http://localhost:3000/_next/static/css/app/layout.css?v=1773795693671 was preloaded using link preload but not used within a few seconds from the window's load event. Please make sure it has an appropriate `as` value and it is preloaded intentionally. @ http://localhost:3000/shopify-collection-mapping:0
[  618080ms] [WARNING] The resource http://localhost:3000/_next/static/css/app/layout.css?v=1773795693671 was preloaded using link preload but not used within a few seconds from the window's load event. Please make sure it has an appropriate `as` value and it is preloaded intentionally. @ http://localhost:3000/shopify-collection-mapping:0
[  618207ms] [ERROR] WebSocket connection to 'ws://localhost:3000/_next/webpack-hmr?id=3htog92rm2-jNeLzhd9j2' failed: Error in connection establishment: net::ERR_CONNECTION_REFUSED @ webpack-internal:///(app-pages-browser)/./node_modules/next/dist/client/dev/hot-reloader/app/web-socket.js:55
[  621512ms] [ERROR] WebSocket connection to 'ws://localhost:3000/_next/webpack-hmr?id=3htog92rm2-jNeLzhd9j2' failed: Error in connection establishment: net::ERR_CONNECTION_REFUSED @ webpack-internal:///(app-pages-browser)/./node_modules/next/dist/client/dev/hot-reloader/app/web-socket.js:55
[  624822ms] [ERROR] WebSocket connection to 'ws://localhost:3000/_next/webpack-hmr?id=3htog92rm2-jNeLzhd9j2' failed: Error in connection establishment: net::ERR_CONNECTION_REFUSED @ webpack-internal:///(app-pages-browser)/./node_modules/next/dist/client/dev/hot-reloader/app/web-socket.js:55
[  638739ms] [WARNING] The resource http://localhost:3000/_next/static/css/app/layout.css?v=1773795693671 was preloaded using link preload but not used within a few seconds from the window's load event. Please make sure it has an appropriate `as` value and it is preloaded intentionally. @ http://localhost:3000/shopify-collection-mapping:0
[ 1632241ms] [WARNING] The resource http://localhost:3000/_next/static/css/app/layout.css?v=1773796729029 was preloaded using link preload but not used within a few seconds from the window's load event. Please make sure it has an appropriate `as` value and it is preloaded intentionally. @ http://localhost:3000/shopify-collection-mapping:0
[ 2736139ms] [WARNING] The resource http://localhost:3000/_next/static/css/app/layout.css?v=1773797827317 was preloaded using link preload but not used within a few seconds from the window's load event. Please make sure it has an appropriate `as` value and it is preloaded intentionally. @ http://localhost:3000/shopify-collection-mapping:0
[ 2742386ms] [WARNING] The resource http://localhost:3000/_next/static/css/app/layout.css?v=1773797827317 was preloaded using link preload but not used within a few seconds from the window's load event. Please make sure it has an appropriate `as` value and it is preloaded intentionally. @ http://localhost:3000/shopify-collection-mapping:0
[ 2747088ms] [WARNING] The resource http://localhost:3000/_next/static/css/app/layout.css?v=1773797827317 was preloaded using link preload but not used within a few seconds from the window's load event. Please make sure it has an appropriate `as` value and it is preloaded intentionally. @ http://localhost:3000/shopify-collection-mapping:0
[ 2751883ms] [WARNING] The resource http://localhost:3000/_next/static/css/app/layout.css?v=1773797827317 was preloaded using link preload but not used within a few seconds from the window's load event. Please make sure it has an appropriate `as` value and it is preloaded intentionally. @ http://localhost:3000/shopify-collection-mapping:0
[ 2756571ms] [WARNING] The resource http://localhost:3000/_next/static/css/app/layout.css?v=1773797827317 was preloaded using link preload but not used within a few seconds from the window's load event. Please make sure it has an appropriate `as` value and it is preloaded intentionally. @ http://localhost:3000/shopify-collection-mapping:0
[ 2761319ms] [WARNING] The resource http://localhost:3000/_next/static/css/app/layout.css?v=1773797827317 was preloaded using link preload but not used within a few seconds from the window's load event. Please make sure it has an appropriate `as` value and it is preloaded intentionally. @ http://localhost:3000/shopify-collection-mapping:0
[ 2766535ms] [WARNING] The resource http://localhost:3000/_next/static/css/app/layout.css?v=1773797827317 was preloaded using link preload but not used within a few seconds from the window's load event. Please make sure it has an appropriate `as` value and it is preloaded intentionally. @ http://localhost:3000/shopify-collection-mapping:0
[ 2771680ms] [WARNING] The resource http://localhost:3000/_next/static/css/app/layout.css?v=1773797827317 was preloaded using link preload but not used within a few seconds from the window's load event. Please make sure it has an appropriate `as` value and it is preloaded intentionally. @ http://localhost:3000/shopify-collection-mapping:0
[ 2777164ms] [WARNING] The resource http://localhost:3000/_next/static/css/app/layout.css?v=1773797827317 was preloaded using link preload but not used within a few seconds from the window's load event. Please make sure it has an appropriate `as` value and it is preloaded intentionally. @ http://localhost:3000/shopify-collection-mapping:0
[ 2783920ms] [WARNING] The resource http://localhost:3000/_next/static/css/app/layout.css?v=1773797827317 was preloaded using link preload but not used within a few seconds from the window's load event. Please make sure it has an appropriate `as` value and it is preloaded intentionally. @ http://localhost:3000/shopify-collection-mapping:0
[ 2791162ms] [WARNING] The resource http://localhost:3000/_next/static/css/app/layout.css?v=1773797885733 was preloaded using link preload but not used within a few seconds from the window's load event. Please make sure it has an appropriate `as` value and it is preloaded intentionally. @ http://localhost:3000/shopify-collection-mapping:0
[ 2791162ms] [WARNING] The resource http://localhost:3000/_next/static/css/app/layout.css?v=1773797827317 was preloaded using link preload but not used within a few seconds from the window's load event. Please make sure it has an appropriate `as` value and it is preloaded intentionally. @ http://localhost:3000/shopify-collection-mapping:0
