[    1479ms] [ERROR] Failed to load resource: net::ERR_CACHE_READ_FAILURE @ https://shopcarbon.com/cdn/shop/videos/c/vp/fde135330e174db89f39c73166bd7b59/fde135330e174db89f39c73166bd7b59.HD-1080p-7.2Mbps-65057906.mp4?v=0:0
[    2290ms] [WARNING] Failed to execute 'postMessage' on 'DOMWindow': The target origin provided ('https://sc.shopcarbon.com') does not match the recipient window's origin ('null'). @ https://www.googletagmanager.com/gtag/js?id=G-Server&cx=c&gtm=4e63h0:546
[    2317ms] [ERROR] Failed to load resource: net::ERR_CERT_AUTHORITY_INVALID @ https://sc.shopcarbon.com/g/collect?v=2&tid=G-Server&gtm=45je63h0z89208967142za20gzb9208967142zd9208967142&_p=1773909696825&gcs=G111&gcd=13t3t3t3t5l1&npa=0&dma=0&cid=478399019.1773702921&ecid=241147806&ul=en-us&sr=1920x1080&_fplc=0&ur=US-FL&uaa=x86&uab=64&uafvl=Chromium%3B146.0.7680.81%7CNot-A.Brand%3B24.0.0.0%7CGoogle%2520Chrome%3B146.0.7680.81&uamb=0&uam=&uap=Windows&uapv=19.0.0&uaw=0&are=1&frm=0&pscdl=noapi&ec_mode=c&_eu=AAAAAAQ&sst.rnd=569209596.1773909698&sst.tft=1773909696825&sst.lpc=114927813&sst.navt=n&sst.ude=0&sst.sw_exp=1&_s=1&tag_exp=103116026~103200004~115938466~115938468~116024733~117170491~117384406~117484252~118128923&sid=1773909531&sct=4&seg=1&dl=https%3A%2F%2Fshopcarbon.com%2F&dt=Trendy%20Clothing%20%26%20Apparel%20for%20Men%20%26%20Women%20%7C%20Carbon&_tu=BA&en=page_view&ep.event_id=1773909988781_17739106727722&ep.cookie_consent_ad_storage=granted&ep.analytics_storage=granted&ep.functionality_storage=granted&ep.personalization_storage=granted&ep.security_storage=granted&ep.ad_user_data=granted&ep.ad_personalization=granted&ep.x-fb-ck-fbp=fb.1.1773763722302.65375174983127565&ep.tiktok_ttp=01KKY8WYWW5983DGYE95FD8PVJ_.tt.0&ep.uuid_c1=nCYOn2KrghrBxt1xWLo-joE7yhNnx45l&ep.user_data._tag_mode=CODE&tfd=2141&richsstsse:0
[    2364ms] [ERROR] Failed to load resource: net::ERR_CERT_AUTHORITY_INVALID @ https://sc.shopcarbon.com/4piuohbne.js?5cu2of=DApfLzs4RCctODI5OSYqVhNTUEZeUw0eWB0KBx8WCAIHAQxGDBoE:0
[    2737ms] [WARNING] Widget initialization error: no account/code provided. Default code will be used @ https://cdn.userway.org/widgetapp/2026-03-17-15-07-37/widget_app_base_1773760057621.js:4
[    2901ms] [WARNING] Failed to execute 'postMessage' on 'DOMWindow': The target origin provided ('https://sc.shopcarbon.com') does not match the recipient window's origin ('null'). @ https://www.googletagmanager.com/gtag/js?id=G-Server&cx=c&gtm=4e63h0:546
[    3725ms] [WARNING] Failed to execute 'postMessage' on 'DOMWindow': The target origin provided ('https://sc.shopcarbon.com') does not match the recipient window's origin ('null'). @ https://www.googletagmanager.com/gtag/js?id=G-Server&cx=c&gtm=4e63h0:546
[    4304ms] [WARNING] Failed to execute 'postMessage' on 'DOMWindow': The target origin provided ('https://sc.shopcarbon.com') does not match the recipient window's origin ('null'). @ https://www.googletagmanager.com/gtag/js?id=G-Server&cx=c&gtm=4e63h0:546
[    4779ms] [WARNING] Failed to execute 'postMessage' on 'DOMWindow': The target origin provided ('https://sc.shopcarbon.com') does not match the recipient window's origin ('null'). @ https://www.googletagmanager.com/gtag/js?id=G-Server&cx=c&gtm=4e63h0:546
[    5283ms] [WARNING] Failed to execute 'postMessage' on 'DOMWindow': The target origin provided ('https://sc.shopcarbon.com') does not match the recipient window's origin ('null'). @ https://www.googletagmanager.com/gtag/js?id=G-Server&cx=c&gtm=4e63h0:546
[    5791ms] [WARNING] Failed to execute 'postMessage' on 'DOMWindow': The target origin provided ('https://sc.shopcarbon.com') does not match the recipient window's origin ('null'). @ https://www.googletagmanager.com/gtag/js?id=G-Server&cx=c&gtm=4e63h0:546
[    6298ms] [WARNING] Failed to execute 'postMessage' on 'DOMWindow': The target origin provided ('https://sc.shopcarbon.com') does not match the recipient window's origin ('null'). @ https://www.googletagmanager.com/gtag/js?id=G-Server&cx=c&gtm=4e63h0:546
[    6808ms] [WARNING] Failed to execute 'postMessage' on 'DOMWindow': The target origin provided ('https://sc.shopcarbon.com') does not match the recipient window's origin ('null'). @ https://www.googletagmanager.com/gtag/js?id=G-Server&cx=c&gtm=4e63h0:546
[    7313ms] [WARNING] Failed to execute 'postMessage' on 'DOMWindow': The target origin provided ('https://sc.shopcarbon.com') does not match the recipient window's origin ('null'). @ https://www.googletagmanager.com/gtag/js?id=G-Server&cx=c&gtm=4e63h0:546
[    7823ms] [WARNING] Failed to execute 'postMessage' on 'DOMWindow': The target origin provided ('https://sc.shopcarbon.com') does not match the recipient window's origin ('null'). @ https://www.googletagmanager.com/gtag/js?id=G-Server&cx=c&gtm=4e63h0:546
[    8328ms] [WARNING] Failed to execute 'postMessage' on 'DOMWindow': The target origin provided ('https://sc.shopcarbon.com') does not match the recipient window's origin ('null'). @ https://www.googletagmanager.com/gtag/js?id=G-Server&cx=c&gtm=4e63h0:546
[    8859ms] [WARNING] Failed to execute 'postMessage' on 'DOMWindow': The target origin provided ('https://sc.shopcarbon.com') does not match the recipient window's origin ('null'). @ https://www.googletagmanager.com/gtag/js?id=G-Server&cx=c&gtm=4e63h0:546
[    9364ms] [WARNING] Failed to execute 'postMessage' on 'DOMWindow': The target origin provided ('https://sc.shopcarbon.com') does not match the recipient window's origin ('null'). @ https://www.googletagmanager.com/gtag/js?id=G-Server&cx=c&gtm=4e63h0:546
[   10050ms] [WARNING] Failed to execute 'postMessage' on 'DOMWindow': The target origin provided ('https://sc.shopcarbon.com') does not match the recipient window's origin ('null'). @ https://www.googletagmanager.com/gtag/js?id=G-Server&cx=c&gtm=4e63h0:546
[   10546ms] [WARNING] Failed to execute 'postMessage' on 'DOMWindow': The target origin provided ('https://sc.shopcarbon.com') does not match the recipient window's origin ('null'). @ https://www.googletagmanager.com/gtag/js?id=G-Server&cx=c&gtm=4e63h0:546
[   11142ms] [WARNING] Failed to execute 'postMessage' on 'DOMWindow': The target origin provided ('https://sc.shopcarbon.com') does not match the recipient window's origin ('null'). @ https://www.googletagmanager.com/gtag/js?id=G-Server&cx=c&gtm=4e63h0:546
[   11647ms] [WARNING] Failed to execute 'postMessage' on 'DOMWindow': The target origin provided ('https://sc.shopcarbon.com') does not match the recipient window's origin ('null'). @ https://www.googletagmanager.com/gtag/js?id=G-Server&cx=c&gtm=4e63h0:546
[   12282ms] [WARNING] Failed to execute 'postMessage' on 'DOMWindow': The target origin provided ('https://sc.shopcarbon.com') does not match the recipient window's origin ('null'). @ https://www.googletagmanager.com/gtag/js?id=G-Server&cx=c&gtm=4e63h0:546
[   12790ms] [WARNING] Failed to execute 'postMessage' on 'DOMWindow': The target origin provided ('https://sc.shopcarbon.com') does not match the recipient window's origin ('null'). @ https://www.googletagmanager.com/gtag/js?id=G-Server&cx=c&gtm=4e63h0:546
[   13390ms] [WARNING] Failed to execute 'postMessage' on 'DOMWindow': The target origin provided ('https://sc.shopcarbon.com') does not match the recipient window's origin ('null'). @ https://www.googletagmanager.com/gtag/js?id=G-Server&cx=c&gtm=4e63h0:546
[  175156ms] [WARNING] Deprecated API for given entry type. @ :9
