[    3086ms] [ERROR] Failed to load resource: net::ERR_CERT_AUTHORITY_INVALID @ https://sc.shopcarbon.com/4piuohbne.js?5cu2of=DApfLzs4RCctODI5OSYqVhNTUEZeUw0eWB0KBx8WCAIHAQxGDBoE:0
[    3613ms] [WARNING] Widget initialization error: no account/code provided. Default code will be used @ https://cdn.userway.org/widgetapp/2026-03-17-15-07-37/widget_app_base_1773760057621.js:4
[    4223ms] [ERROR] Failed to load resource: net::ERR_CERT_AUTHORITY_INVALID @ https://sc.shopcarbon.com/g/collect?v=2&tid=G-Server&gtm=45je63h0z89208967142za20gzb9208967142zd9208967142&_p=1773909528401&gcs=G111&gcd=13t3t3t3t5l1&npa=0&dma=0&cid=478399019.1773702921&ecid=241147806&ul=en-us&sr=1920x1080&_fplc=0&ur=US-FL&uaa=x86&uab=64&uafvl=Chromium%3B146.0.7680.81%7CNot-A.Brand%3B24.0.0.0%7CGoogle%2520Chrome%3B146.0.7680.81&uamb=0&uam=&uap=Windows&uapv=19.0.0&uaw=0&are=1&frm=0&pscdl=noapi&ec_mode=c&_eu=AAAAAAQ&sst.rnd=125487290.1773909530&sst.tft=1773909528401&sst.lpc=114927813&sst.navt=n&sst.ude=0&sst.sw_exp=1&_s=1&tag_exp=103116026~103200004~115938465~115938469~116024733~117484252&sid=1773909531&sct=4&seg=0&dl=https%3A%2F%2Fshopcarbon.com%2F&dt=Trendy%20Clothing%20%26%20Apparel%20for%20Men%20%26%20Women%20%7C%20Carbon&_tu=BA&en=page_view&_ss=1&ep.event_id=1773909988781_17739098477292&ep.cookie_consent_ad_storage=granted&ep.analytics_storage=granted&ep.functionality_storage=granted&ep.personalization_storage=granted&ep.security_storage=granted&ep.ad_user_data=granted&ep.ad_personalization=granted&ep.x-fb-ck-fbp=fb.1.1773763722302.65375174983127565&ep.tiktok_ttp=01KKY8WYWW5983DGYE95FD8PVJ_.tt.0&ep.uuid_c1=nCYOn2KrghrBxt1xWLo-joE7yhNnx45l&ep.user_data._tag_mode=CODE&tfd=3883&richsstsse:0
[    4307ms] [WARNING] Failed to execute 'postMessage' on 'DOMWindow': The target origin provided ('https://sc.shopcarbon.com') does not match the recipient window's origin ('null'). @ https://www.googletagmanager.com/gtag/js?id=G-Server&cx=c&gtm=4e63h0:546
[    4795ms] [WARNING] Failed to execute 'postMessage' on 'DOMWindow': The target origin provided ('https://sc.shopcarbon.com') does not match the recipient window's origin ('null'). @ https://www.googletagmanager.com/gtag/js?id=G-Server&cx=c&gtm=4e63h0:546
[    5289ms] [WARNING] Failed to execute 'postMessage' on 'DOMWindow': The target origin provided ('https://sc.shopcarbon.com') does not match the recipient window's origin ('null'). @ https://www.googletagmanager.com/gtag/js?id=G-Server&cx=c&gtm=4e63h0:546
[    5962ms] [WARNING] Failed to execute 'postMessage' on 'DOMWindow': The target origin provided ('https://sc.shopcarbon.com') does not match the recipient window's origin ('null'). @ https://www.googletagmanager.com/gtag/js?id=G-Server&cx=c&gtm=4e63h0:546
[    6539ms] [WARNING] Failed to execute 'postMessage' on 'DOMWindow': The target origin provided ('https://sc.shopcarbon.com') does not match the recipient window's origin ('null'). @ https://www.googletagmanager.com/gtag/js?id=G-Server&cx=c&gtm=4e63h0:546
[    7047ms] [WARNING] Failed to execute 'postMessage' on 'DOMWindow': The target origin provided ('https://sc.shopcarbon.com') does not match the recipient window's origin ('null'). @ https://www.googletagmanager.com/gtag/js?id=G-Server&cx=c&gtm=4e63h0:546
[    7548ms] [WARNING] Failed to execute 'postMessage' on 'DOMWindow': The target origin provided ('https://sc.shopcarbon.com') does not match the recipient window's origin ('null'). @ https://www.googletagmanager.com/gtag/js?id=G-Server&cx=c&gtm=4e63h0:546
[    8175ms] [WARNING] Failed to execute 'postMessage' on 'DOMWindow': The target origin provided ('https://sc.shopcarbon.com') does not match the recipient window's origin ('null'). @ https://www.googletagmanager.com/gtag/js?id=G-Server&cx=c&gtm=4e63h0:546
[    8680ms] [WARNING] Failed to execute 'postMessage' on 'DOMWindow': The target origin provided ('https://sc.shopcarbon.com') does not match the recipient window's origin ('null'). @ https://www.googletagmanager.com/gtag/js?id=G-Server&cx=c&gtm=4e63h0:546
[    9309ms] [WARNING] Failed to execute 'postMessage' on 'DOMWindow': The target origin provided ('https://sc.shopcarbon.com') does not match the recipient window's origin ('null'). @ https://www.googletagmanager.com/gtag/js?id=G-Server&cx=c&gtm=4e63h0:546
[    9823ms] [WARNING] Failed to execute 'postMessage' on 'DOMWindow': The target origin provided ('https://sc.shopcarbon.com') does not match the recipient window's origin ('null'). @ https://www.googletagmanager.com/gtag/js?id=G-Server&cx=c&gtm=4e63h0:546
[   10477ms] [WARNING] Failed to execute 'postMessage' on 'DOMWindow': The target origin provided ('https://sc.shopcarbon.com') does not match the recipient window's origin ('null'). @ https://www.googletagmanager.com/gtag/js?id=G-Server&cx=c&gtm=4e63h0:546
[   10991ms] [WARNING] Failed to execute 'postMessage' on 'DOMWindow': The target origin provided ('https://sc.shopcarbon.com') does not match the recipient window's origin ('null'). @ https://www.googletagmanager.com/gtag/js?id=G-Server&cx=c&gtm=4e63h0:546
[   11605ms] [WARNING] Failed to execute 'postMessage' on 'DOMWindow': The target origin provided ('https://sc.shopcarbon.com') does not match the recipient window's origin ('null'). @ https://www.googletagmanager.com/gtag/js?id=G-Server&cx=c&gtm=4e63h0:546
[   12110ms] [WARNING] Failed to execute 'postMessage' on 'DOMWindow': The target origin provided ('https://sc.shopcarbon.com') does not match the recipient window's origin ('null'). @ https://www.googletagmanager.com/gtag/js?id=G-Server&cx=c&gtm=4e63h0:546
[   12747ms] [WARNING] Failed to execute 'postMessage' on 'DOMWindow': The target origin provided ('https://sc.shopcarbon.com') does not match the recipient window's origin ('null'). @ https://www.googletagmanager.com/gtag/js?id=G-Server&cx=c&gtm=4e63h0:546
[   13262ms] [WARNING] Failed to execute 'postMessage' on 'DOMWindow': The target origin provided ('https://sc.shopcarbon.com') does not match the recipient window's origin ('null'). @ https://www.googletagmanager.com/gtag/js?id=G-Server&cx=c&gtm=4e63h0:546
[   13893ms] [WARNING] Failed to execute 'postMessage' on 'DOMWindow': The target origin provided ('https://sc.shopcarbon.com') does not match the recipient window's origin ('null'). @ https://www.googletagmanager.com/gtag/js?id=G-Server&cx=c&gtm=4e63h0:546
[   14405ms] [WARNING] Failed to execute 'postMessage' on 'DOMWindow': The target origin provided ('https://sc.shopcarbon.com') does not match the recipient window's origin ('null'). @ https://www.googletagmanager.com/gtag/js?id=G-Server&cx=c&gtm=4e63h0:546
[   15022ms] [WARNING] Failed to execute 'postMessage' on 'DOMWindow': The target origin provided ('https://sc.shopcarbon.com') does not match the recipient window's origin ('null'). @ https://www.googletagmanager.com/gtag/js?id=G-Server&cx=c&gtm=4e63h0:546
[   15531ms] [WARNING] Failed to execute 'postMessage' on 'DOMWindow': The target origin provided ('https://sc.shopcarbon.com') does not match the recipient window's origin ('null'). @ https://www.googletagmanager.com/gtag/js?id=G-Server&cx=c&gtm=4e63h0:546
