[    1713ms] [WARNING] Widget initialization error: no account/code provided. Default code will be used @ https://cdn.userway.org/widgetapp/2026-03-17-15-07-37/widget_app_1773760057621.js:4
[    1789ms] [ERROR] Failed to load resource: net::ERR_CERT_AUTHORITY_INVALID @ https://sc.shopcarbon.com/g/collect?v=2&tid=G-Server&gtm=45je63h0z89208967142za20gzb9208967142zd9208967142&_p=1773910706809&gcs=G111&gcd=13t3t3t3t5l1&npa=0&dma=0&cid=478399019.1773702921&ecid=241147806&ul=en-us&sr=1920x1080&_fplc=0&ur=US-FL&uaa=x86&uab=64&uafvl=Chromium%3B146.0.7680.81%7CNot-A.Brand%3B24.0.0.0%7CGoogle%2520Chrome%3B146.0.7680.81&uamb=0&uam=&uap=Windows&uapv=19.0.0&uaw=0&are=1&frm=0&pscdl=noapi&ec_mode=c&_eu=AAAAAAQ&sst.rnd=1438301871.1773910708&sst.tft=1773910706809&sst.lpc=152660603&sst.navt=n&sst.ude=0&sst.sw_exp=1&_s=1&tag_exp=103116026~103200004~115938465~115938469~116024733~117484252~118128922&sid=1773909531&sct=4&seg=1&dl=https%3A%2F%2Fshopcarbon.com%2Fcart&dt=Your%20Shopping%20Cart&_tu=BA&en=page_view&ep.event_id=1773909988781_17739112040332&ep.cookie_consent_ad_storage=granted&ep.analytics_storage=granted&ep.functionality_storage=granted&ep.personalization_storage=granted&ep.security_storage=granted&ep.ad_user_data=granted&ep.ad_personalization=granted&ep.x-fb-ck-fbp=fb.1.1773763722302.65375174983127565&ep.tiktok_ttp=01KKY8WYWW5983DGYE95FD8PVJ_.tt.0&ep.uuid_c1=nCYOn2KrghrBxt1xWLo-joE7yhNnx45l&ep.user_data._tag_mode=CODE&tfd=1593&richsstsse:0
[    1846ms] [ERROR] Failed to load resource: net::ERR_CERT_AUTHORITY_INVALID @ https://sc.shopcarbon.com/4piuohbne.js?5cu2of=DApfLzs4RCctODI5OSYqVhNTUEZeUw0eWB0KBx8WCAIHAQxGDBoE:0
[    1870ms] [WARNING] Failed to execute 'postMessage' on 'DOMWindow': The target origin provided ('https://sc.shopcarbon.com') does not match the recipient window's origin ('null'). @ https://www.googletagmanager.com/gtag/js?id=G-Server&cx=c&gtm=4e63h0:546
[    2311ms] [ERROR] Attestation check for Attribution Reporting on https://www.google-analytics.com failed. @ https://shopcarbon.com/cart:0
[    2401ms] [WARNING] Failed to execute 'postMessage' on 'DOMWindow': The target origin provided ('https://sc.shopcarbon.com') does not match the recipient window's origin ('null'). @ https://www.googletagmanager.com/gtag/js?id=G-Server&cx=c&gtm=4e63h0:546
[    2491ms] [ERROR] Failed to load resource: net::ERR_CERT_AUTHORITY_INVALID @ https://sc.shopcarbon.com/g/collect?v=2&tid=G-Server&gtm=45je63h0z89208967142za20gzb9208967142zd9208967142&_p=1773910706809&gcs=G111&gcd=13t3t3t3t5l1&npa=0&dma=0&gdid=dYmNjMT.dN2ZkMj.dNTU0Yz&cid=478399019.1773702921&ecid=241147806&ul=en-us&sr=1920x1080&_fplc=0&ur=US-FL&uaa=x86&uab=64&uafvl=Chromium%3B146.0.7680.81%7CNot-A.Brand%3B24.0.0.0%7CGoogle%2520Chrome%3B146.0.7680.81&uamb=0&uam=&uap=Windows&uapv=19.0.0&uaw=0&are=1&frm=0&pscdl=noapi&ec_mode=c&_eu=IAAAAAQ&sst.rnd=1438301871.1773910708&sst.tft=1773910706809&sst.rdp=0&sst.lpc=152660603&sst.navt=n&sst.ude=0&sst.sw_exp=1&_s=2&tag_exp=103116026~103200004~115938465~115938469~116024733~117484252~118128922&cu=USD&sid=1773909531&sct=4&seg=1&dl=https%3A%2F%2Fshopcarbon.com%2Fcart&dt=Your%20Shopping%20Cart&_tu=BAI&en=view_cart&pr1=id9217321369852~k0item_sku~v0C125311010701~va48688796303612~nmAVA%20MINI%20DRESS~k1variant_name~v1BLACK%20%2F%20S~caWOMEN%20%3E%3E%20DRESS~brCARBON~k2item_url~v2%2Fproducts%2Fava-black-sleeveless-bodycon-mini-dress-b0~pr65~k3imageURL~v3%2F%2Fshopcarbon.com%2Fcdn%2Fshop%2Ffiles%2Fcibmtpfl2qblxuwoztbt.jpg%3Fv%3D1769059134~qt1~lp1&ep.event_id=1773909988781_177391120403330&ep.cookie_consent_ad_storage=granted&ep.analytics_storage=granted&ep.functionality_storage=granted&ep.personalization_storage=granted&ep.security_storage=granted&ep.ad_user_data=granted&ep.ad_personalization=granted&ep.x-fb-ck-fbp=fb.1.1773763722302.65375174983127565&ep.tiktok_ttp=01KKY8WYWW5983DGYE95FD8PVJ_.tt.0&ep.uuid_c1=nCYOn2KrghrBxt1xWLo-joE7yhNnx45l&ep.value=65&_et=742&ep.user_data._tag_mode=CODE&tfd=2346&richsstsse:0
[    3107ms] [WARNING] Failed to execute 'postMessage' on 'DOMWindow': The target origin provided ('https://sc.shopcarbon.com') does not match the recipient window's origin ('null'). @ https://www.googletagmanager.com/gtag/js?id=G-Server&cx=c&gtm=4e63h0:546
[    3544ms] [ERROR] Error producing monorail event MonorailRequestError: Error completing request. A network failure may have prevented the request from completing. Error: TypeError: Failed to fetch. Schemas: shopify_pay_page_load/2.7
    at D.produce (https://cdn.shopify.com/shopifycloud/arrive-server/pay/vite-pay/assets/AnalyticsProvider-CaBv-b4y.js:1:6470) @ https://cdn.shopify.com/shopifycloud/arrive-server/pay/vite-pay/assets/jsxRuntime.module-Dc08wVp7.js:0
[    3576ms] [WARNING] Failed to execute 'postMessage' on 'DOMWindow': The target origin provided ('https://sc.shopcarbon.com') does not match the recipient window's origin ('null'). @ https://www.googletagmanager.com/gtag/js?id=G-Server&cx=c&gtm=4e63h0:546
[    4186ms] [WARNING] Failed to execute 'postMessage' on 'DOMWindow': The target origin provided ('https://sc.shopcarbon.com') does not match the recipient window's origin ('null'). @ https://www.googletagmanager.com/gtag/js?id=G-Server&cx=c&gtm=4e63h0:546
[    4626ms] [WARNING] Failed to execute 'postMessage' on 'DOMWindow': The target origin provided ('https://sc.shopcarbon.com') does not match the recipient window's origin ('null'). @ https://www.googletagmanager.com/gtag/js?id=G-Server&cx=c&gtm=4e63h0:546
[    5132ms] [WARNING] Failed to execute 'postMessage' on 'DOMWindow': The target origin provided ('https://sc.shopcarbon.com') does not match the recipient window's origin ('null'). @ https://www.googletagmanager.com/gtag/js?id=G-Server&cx=c&gtm=4e63h0:546
[    5637ms] [WARNING] Failed to execute 'postMessage' on 'DOMWindow': The target origin provided ('https://sc.shopcarbon.com') does not match the recipient window's origin ('null'). @ https://www.googletagmanager.com/gtag/js?id=G-Server&cx=c&gtm=4e63h0:546
[    6150ms] [WARNING] Failed to execute 'postMessage' on 'DOMWindow': The target origin provided ('https://sc.shopcarbon.com') does not match the recipient window's origin ('null'). @ https://www.googletagmanager.com/gtag/js?id=G-Server&cx=c&gtm=4e63h0:546
[    6656ms] [WARNING] Failed to execute 'postMessage' on 'DOMWindow': The target origin provided ('https://sc.shopcarbon.com') does not match the recipient window's origin ('null'). @ https://www.googletagmanager.com/gtag/js?id=G-Server&cx=c&gtm=4e63h0:546
[    7162ms] [WARNING] Failed to execute 'postMessage' on 'DOMWindow': The target origin provided ('https://sc.shopcarbon.com') does not match the recipient window's origin ('null'). @ https://www.googletagmanager.com/gtag/js?id=G-Server&cx=c&gtm=4e63h0:546
[    7667ms] [WARNING] Failed to execute 'postMessage' on 'DOMWindow': The target origin provided ('https://sc.shopcarbon.com') does not match the recipient window's origin ('null'). @ https://www.googletagmanager.com/gtag/js?id=G-Server&cx=c&gtm=4e63h0:546
[    8175ms] [WARNING] Failed to execute 'postMessage' on 'DOMWindow': The target origin provided ('https://sc.shopcarbon.com') does not match the recipient window's origin ('null'). @ https://www.googletagmanager.com/gtag/js?id=G-Server&cx=c&gtm=4e63h0:546
[    8681ms] [WARNING] Failed to execute 'postMessage' on 'DOMWindow': The target origin provided ('https://sc.shopcarbon.com') does not match the recipient window's origin ('null'). @ https://www.googletagmanager.com/gtag/js?id=G-Server&cx=c&gtm=4e63h0:546
[    9190ms] [WARNING] Failed to execute 'postMessage' on 'DOMWindow': The target origin provided ('https://sc.shopcarbon.com') does not match the recipient window's origin ('null'). @ https://www.googletagmanager.com/gtag/js?id=G-Server&cx=c&gtm=4e63h0:546
[    9695ms] [WARNING] Failed to execute 'postMessage' on 'DOMWindow': The target origin provided ('https://sc.shopcarbon.com') does not match the recipient window's origin ('null'). @ https://www.googletagmanager.com/gtag/js?id=G-Server&cx=c&gtm=4e63h0:546
[   10201ms] [WARNING] Failed to execute 'postMessage' on 'DOMWindow': The target origin provided ('https://sc.shopcarbon.com') does not match the recipient window's origin ('null'). @ https://www.googletagmanager.com/gtag/js?id=G-Server&cx=c&gtm=4e63h0:546
[   10708ms] [WARNING] Failed to execute 'postMessage' on 'DOMWindow': The target origin provided ('https://sc.shopcarbon.com') does not match the recipient window's origin ('null'). @ https://www.googletagmanager.com/gtag/js?id=G-Server&cx=c&gtm=4e63h0:546
[   11214ms] [WARNING] Failed to execute 'postMessage' on 'DOMWindow': The target origin provided ('https://sc.shopcarbon.com') does not match the recipient window's origin ('null'). @ https://www.googletagmanager.com/gtag/js?id=G-Server&cx=c&gtm=4e63h0:546
[   11719ms] [WARNING] Failed to execute 'postMessage' on 'DOMWindow': The target origin provided ('https://sc.shopcarbon.com') does not match the recipient window's origin ('null'). @ https://www.googletagmanager.com/gtag/js?id=G-Server&cx=c&gtm=4e63h0:546
[   12224ms] [WARNING] Failed to execute 'postMessage' on 'DOMWindow': The target origin provided ('https://sc.shopcarbon.com') does not match the recipient window's origin ('null'). @ https://www.googletagmanager.com/gtag/js?id=G-Server&cx=c&gtm=4e63h0:546
[  925973ms] [ERROR] Failed to load resource: net::ERR_CACHE_READ_FAILURE @ https://fonts.gstatic.com/s/googlesans/v29/4UaGrENHsxJlGDuGo1OIlL3Owp4.woff2:0
[  926379ms] [ERROR] Failed to load resource: net::ERR_CACHE_READ_FAILURE @ https://www.gstatic.com/og/_/js/k=og.asy.en_US.iCswUwv-f4M.2019.O/rt=j/m=_ac,_awd,adrc,ada,lldp,qads/exm=/d=1/ed=1/rs=AA2YrTuQ_Ln2gkpNN-8rIOzlKiixg3zi_w:0
[  944657ms] [ERROR] Failed to load resource: net::ERR_CACHE_READ_FAILURE @ https://www.youtube.com/s/player/f4f314f0/www-player.css:0
[  944657ms] [ERROR] Failed to load resource: net::ERR_CACHE_READ_FAILURE @ https://fonts.gstatic.com/s/roboto/v48/KFO7CnqEu92Fr1ME7kSn66aGLdTylUAMa3yUBA.woff2:0
[  944657ms] [ERROR] Failed to load resource: net::ERR_CACHE_READ_FAILURE @ https://www.youtube.com/s/player/f4f314f0/player_es6.vflset/en_US/base.js:0
[  944658ms] [ERROR] Failed to load resource: net::ERR_CACHE_READ_FAILURE @ https://www.youtube.com/s/embeds/da1d2cdd/www-embed-player-es6.vflset/www-embed-player-es6.js:0
[  944685ms] ReferenceError: writeEmbed is not defined
    at https://www.youtube.com/embed/?enablejsapi=1&rel=0&autoplay=0&playsinline=1&fs=1&hl=en&embed_config=%7B%22enc%22%3A%22AXH1ezm8LI6aKrJ_DYqEnehUqc5YLG9ZLxJDwYd3Ri7ItvNObJluiLz2vK0xBXGzJyU8iWBEJVLqywD_A8pC2huEKN7rP3oAZNdMYB7NDJNseRbNwPCuKuJdtNAL9IFZMKYXc4rKbMi96udafffXwa7Ir2S5Xy9fFL6uArcVn9na22ZPPBBdJMNV9NaccUD9sk_PDC0UjlQZGkUaJsJRxFVKIQhkn6h8dyvVqr0l4vk27IXVHDktLDs1IC0YFmiqU5j622ZSbfu8roKlp3tqnMvPoEnF7oPKfvBcH6KNkTqBgp6Rw2BkKK3MmZHW5KDgHvwaS5X3eJ1p0Sm9sqSP9o5XZS8Hp28U9W48UDnAMWA1%22%7D:10:1482
[  944686ms] A network error occurred.
[  944686ms] A network error occurred.
[  947757ms] [WARNING] The resource https://www.youtube.com/s/player/f4f314f0/player_es6.vflset/en_US/embed.js was preloaded using link preload but not used within a few seconds from the window's load event. Please make sure it has an appropriate `as` value and it is preloaded intentionally. @ https://www.youtube.com/embed/?enablejsapi=1&rel=0&autoplay=0&playsinline=1&fs=1&hl=en&embed_config=%7B%22enc%22%3A%22AXH1ezm8LI6aKrJ_DYqEnehUqc5YLG9ZLxJDwYd3Ri7ItvNObJluiLz2vK0xBXGzJyU8iWBEJVLqywD_A8pC2huEKN7rP3oAZNdMYB7NDJNseRbNwPCuKuJdtNAL9IFZMKYXc4rKbMi96udafffXwa7Ir2S5Xy9fFL6uArcVn9na22ZPPBBdJMNV9NaccUD9sk_PDC0UjlQZGkUaJsJRxFVKIQhkn6h8dyvVqr0l4vk27IXVHDktLDs1IC0YFmiqU5j622ZSbfu8roKlp3tqnMvPoEnF7oPKfvBcH6KNkTqBgp6Rw2BkKK3MmZHW5KDgHvwaS5X3eJ1p0Sm9sqSP9o5XZS8Hp28U9W48UDnAMWA1%22%7D:0
[  950037ms] [ERROR] Failed to load resource: the server responded with a status of 404 () @ https://encrypted-tbn3.gstatic.com/shopping?q=tbn:ANd9GcQ0cBozUxEXVSdzxedE-uwPJFqyTfY1mBq1egI-qLZRVWsnhpw6ESgPFa70aoJk6krsf6dsAw87EExZ2jOb7ojt-MKKLibA0--Ay0SM:0
[  956613ms] [ERROR] Failed to load resource: net::ERR_CACHE_READ_FAILURE @ https://www.youtube.com/s/player/f4f314f0/player_es6.vflset/en_US/remote.js:0
